#
# There is insufficient memory for the Java Runtime Environment to continue.
# Native memory allocation (malloc) failed to allocate 2037936 bytes. Error detail: Chunk::new
# Possible reasons:
#   The system is out of physical RAM or swap space
#   This process is running with CompressedOops enabled, and the Java Heap may be blocking the growth of the native heap
# Possible solutions:
#   Reduce memory load on the system
#   Increase physical memory or swap space
#   Check if swap backing store is full
#   Decrease Java heap size (-Xmx/-Xms)
#   Decrease number of Java threads
#   Decrease Java thread stack sizes (-Xss)
#   Set larger code cache with -XX:ReservedCodeCacheSize=
#   JVM is running with Unscaled Compressed Oops mode in which the Java heap is
#     placed in the first 4GB address space. The Java Heap base address is the
#     maximum limit for the native heap growth. Please use -XX:HeapBaseMinAddress
#     to set the Java Heap base and to place the Java Heap above 4GB virtual address.
# This output file may be truncated or incomplete.
#
#  Out of Memory Error (arena.cpp:191), pid=16788, tid=23188
#
# JRE version: OpenJDK Runtime Environment Microsoft-12574423 (17.0.17+10) (build 17.0.17+10-LTS)
# Java VM: OpenJDK 64-Bit Server VM Microsoft-12574423 (17.0.17+10-LTS, mixed mode, sharing, tiered, compressed oops, compressed class ptrs, g1 gc, windows-amd64)
# No core dump will be written. Minidumps are not enabled by default on client versions of Windows
#

---------------  S U M M A R Y ------------

Command Line: -XX:MaxMetaspaceSize=512m --add-opens=java.base/java.util=ALL-UNNAMED --add-opens=java.base/java.lang=ALL-UNNAMED --add-opens=java.base/java.lang.invoke=ALL-UNNAMED --add-opens=java.prefs/java.util.prefs=ALL-UNNAMED --add-opens=java.base/java.nio.charset=ALL-UNNAMED --add-opens=java.base/java.net=ALL-UNNAMED --add-opens=java.base/java.util.concurrent.atomic=ALL-UNNAMED -Xmx2048m -Dfile.encoding=windows-1252 -Duser.country=US -Duser.language=en -Duser.variant -javaagent:C:\Users\Grahald\.gradle\wrapper\dists\gradle-8.8-all\6gdy1pgp427xkqcjbxw3ylt6h\gradle-8.8\lib\agents\gradle-instrumentation-agent-8.8.jar org.gradle.launcher.daemon.bootstrap.GradleDaemon 8.8

Host: AMD Ryzen 7 PRO 4750U with Radeon Graphics, 16 cores, 15G,  Windows 11 , 64 bit Build 26100 (10.0.26100.8328)
Time: Wed Jun  3 11:05:59 2026 SE Asia Standard Time elapsed time: 15.123824 seconds (0d 0h 0m 15s)

---------------  T H R E A D  ---------------

Current thread (0x000001e170eaaf60):  JavaThread "C2 CompilerThread4" daemon [_thread_in_native, id=23188, stack(0x000000956cc00000,0x000000956cd00000)]


Current CompileTask:
C2:15124 7831       4       java.util.Arrays::binarySearch (10 bytes)

Stack: [0x000000956cc00000,0x000000956cd00000]
Native frames: (J=compiled Java code, j=interpreted, Vv=VM code, C=native code)
V  [jvm.dll+0x68c459]  (no source info available)
V  [jvm.dll+0x845e09]  (no source info available)
V  [jvm.dll+0x847b78]  (no source info available)
V  [jvm.dll+0x848203]  (no source info available)
V  [jvm.dll+0x24cf6f]  (no source info available)
V  [jvm.dll+0xaecb6]  (no source info available)
V  [jvm.dll+0xaf35c]  (no source info available)
V  [jvm.dll+0x37152f]  (no source info available)
V  [jvm.dll+0x33b8d5]  (no source info available)
V  [jvm.dll+0x33ad3a]  (no source info available)
V  [jvm.dll+0x21df29]  (no source info available)
V  [jvm.dll+0x21d36d]  (no source info available)
V  [jvm.dll+0x1a8ce6]  (no source info available)
V  [jvm.dll+0x22db1b]  (no source info available)
V  [jvm.dll+0x22bca6]  (no source info available)
V  [jvm.dll+0x7fb65b]  (no source info available)
V  [jvm.dll+0x7f5a5c]  (no source info available)
V  [jvm.dll+0x68d9f7]  (no source info available)
C  [ucrtbase.dll+0x37b0]  (no source info available)
C  [KERNEL32.DLL+0x2e957]  (no source info available)
C  [ntdll.dll+0x427c]  (no source info available)


---------------  P R O C E S S  ---------------

Threads class SMR info:
_java_thread_list=0x000001e16af09e50, length=94, elements={
0x000001e12b371680, 0x000001e14a432bc0, 0x000001e14a433690, 0x000001e14a44a730,
0x000001e14a44b000, 0x000001e14a44b8d0, 0x000001e14a44c1a0, 0x000001e14a452dd0,
0x000001e14a458ca0, 0x000001e14a4639d0, 0x000001e14a57d700, 0x000001e14a57fbf0,
0x000001e14a5811d0, 0x000001e14a6be360, 0x000001e16aeba8a0, 0x000001e16bed4ee0,
0x000001e16ae6ef20, 0x000001e16c034830, 0x000001e16ad1a5b0, 0x000001e16a548c30,
0x000001e14a704940, 0x000001e14a703500, 0x000001e14a703a10, 0x000001e14a702ff0,
0x000001e14a703f20, 0x000001e14a705360, 0x000001e14a702ae0, 0x000001e14a704e50,
0x000001e16ce00ff0, 0x000001e16cdffbb0, 0x000001e16ce03360, 0x000001e16ce01a10,
0x000001e16ce01f20, 0x000001e16ce02e50, 0x000001e16ce005d0, 0x000001e16ce04cb0,
0x000001e16ce06600, 0x000001e16ce07530, 0x000001e16ce03d80, 0x000001e16ce04290,
0x000001e16ce047a0, 0x000001e16ce05be0, 0x000001e16ce060f0, 0x000001e16c53b590,
0x000001e16c5382f0, 0x000001e16c539c40, 0x000001e16c53a150, 0x000001e16c539730,
0x000001e16c53ab70, 0x000001e16c53a660, 0x000001e16c537de0, 0x000001e16c53baa0,
0x000001e16c53bfb0, 0x000001e16c538800, 0x000001e16c538d10, 0x000001e16c53c4c0,
0x000001e16c53c9d0, 0x000001e16c539220, 0x000001e16c53e320, 0x000001e16c53f250,
0x000001e16c53f760, 0x000001e16c53d3f0, 0x000001e16c53d900, 0x000001e16c53cee0,
0x000001e16c53ed40, 0x000001e16c53de10, 0x000001e16c53e830, 0x000001e1702be6d0,
0x000001e1702bcd80, 0x000001e1702bc870, 0x000001e1702bd7a0, 0x000001e1702bdcb0,
0x000001e1702bf600, 0x000001e1702bfb10, 0x000001e1702c0020, 0x000001e1702c0530,
0x000001e1702bf0f0, 0x000001e1702be1c0, 0x000001e1702c0a40, 0x000001e1702bebe0,
0x000001e1702bd290, 0x000001e1702c37d0, 0x000001e1702c0f50, 0x000001e1702c32c0,
0x000001e1702c3ce0, 0x000001e1702c41f0, 0x000001e1702c1460, 0x000001e1702c28a0,
0x000001e1702c2390, 0x000001e1702c1e80, 0x000001e16af86720, 0x000001e16e7829a0,
0x000001e16dccf640, 0x000001e170eaaf60
}

Java Threads: ( => current thread )
  0x000001e12b371680 JavaThread "main" [_thread_blocked, id=13968, stack(0x0000009565a00000,0x0000009565b00000)]
  0x000001e14a432bc0 JavaThread "Reference Handler" daemon [_thread_blocked, id=28596, stack(0x0000009566100000,0x0000009566200000)]
  0x000001e14a433690 JavaThread "Finalizer" daemon [_thread_blocked, id=27228, stack(0x0000009566200000,0x0000009566300000)]
  0x000001e14a44a730 JavaThread "Signal Dispatcher" daemon [_thread_blocked, id=29116, stack(0x0000009566300000,0x0000009566400000)]
  0x000001e14a44b000 JavaThread "Attach Listener" daemon [_thread_blocked, id=28556, stack(0x0000009566400000,0x0000009566500000)]
  0x000001e14a44b8d0 JavaThread "Service Thread" daemon [_thread_blocked, id=22400, stack(0x0000009566500000,0x0000009566600000)]
  0x000001e14a44c1a0 JavaThread "Monitor Deflation Thread" daemon [_thread_blocked, id=6616, stack(0x0000009566600000,0x0000009566700000)]
  0x000001e14a452dd0 JavaThread "C2 CompilerThread0" daemon [_thread_blocked, id=8772, stack(0x0000009566700000,0x0000009566800000)]
  0x000001e14a458ca0 JavaThread "C1 CompilerThread0" daemon [_thread_blocked, id=7308, stack(0x0000009566800000,0x0000009566900000)]
  0x000001e14a4639d0 JavaThread "Sweeper thread" daemon [_thread_blocked, id=31268, stack(0x0000009566900000,0x0000009566a00000)]
  0x000001e14a57d700 JavaThread "Common-Cleaner" daemon [_thread_blocked, id=9608, stack(0x0000009566a00000,0x0000009566b00000)]
  0x000001e14a57fbf0 JavaThread "C1 CompilerThread1" daemon [_thread_blocked, id=9400, stack(0x0000009566b00000,0x0000009566c00000)]
  0x000001e14a5811d0 JavaThread "C1 CompilerThread2" daemon [_thread_blocked, id=2884, stack(0x0000009566c00000,0x0000009566d00000)]
  0x000001e14a6be360 JavaThread "Notification Thread" daemon [_thread_blocked, id=23904, stack(0x0000009566e00000,0x0000009566f00000)]
  0x000001e16aeba8a0 JavaThread "C1 CompilerThread3" daemon [_thread_blocked, id=4132, stack(0x0000009567600000,0x0000009567700000)]
  0x000001e16bed4ee0 JavaThread "Daemon health stats" [_thread_blocked, id=16848, stack(0x0000009567000000,0x0000009567100000)]
  0x000001e16ae6ef20 JavaThread "Incoming local TCP Connector on port 49801" [_thread_in_native, id=21052, stack(0x0000009567100000,0x0000009567200000)]
  0x000001e16c034830 JavaThread "Daemon periodic checks" [_thread_blocked, id=12080, stack(0x0000009567700000,0x0000009567800000)]
  0x000001e16ad1a5b0 JavaThread "Daemon" [_thread_blocked, id=9016, stack(0x0000009567800000,0x0000009567900000)]
  0x000001e16a548c30 JavaThread "Handler for socket connection from /127.0.0.1:49801 to /127.0.0.1:49802" [_thread_in_native, id=6084, stack(0x0000009567900000,0x0000009567a00000)]
  0x000001e14a704940 JavaThread "Cancel handler" [_thread_blocked, id=32940, stack(0x0000009567a00000,0x0000009567b00000)]
  0x000001e14a703500 JavaThread "Daemon worker" [_thread_in_Java, id=16004, stack(0x0000009567b00000,0x0000009567c00000)]
  0x000001e14a703a10 JavaThread "Asynchronous log dispatcher for DefaultDaemonConnection: socket connection from /127.0.0.1:49801 to /127.0.0.1:49802" [_thread_blocked, id=28324, stack(0x0000009567c00000,0x0000009567d00000)]
  0x000001e14a702ff0 JavaThread "Stdin handler" [_thread_blocked, id=11716, stack(0x0000009567d00000,0x0000009567e00000)]
  0x000001e14a703f20 JavaThread "Daemon client event forwarder" [_thread_blocked, id=1980, stack(0x0000009567e00000,0x0000009567f00000)]
  0x000001e14a705360 JavaThread "Cache worker for journal cache (C:\Users\Grahald\.gradle\caches\journal-1)" [_thread_blocked, id=2680, stack(0x0000009566d00000,0x0000009566e00000)]
  0x000001e14a702ae0 JavaThread "File lock request listener" [_thread_in_native, id=31840, stack(0x0000009567f00000,0x0000009568000000)]
  0x000001e14a704e50 JavaThread "Cache worker for file hash cache (C:\Users\Grahald\.gradle\caches\8.8\fileHashes)" [_thread_blocked, id=8984, stack(0x0000009568000000,0x0000009568100000)]
  0x000001e16ce00ff0 JavaThread "Cache worker for file hash cache (D:\Belajar\tias-mobile\android\.gradle\8.8\fileHashes)" [_thread_blocked, id=31368, stack(0x0000009568400000,0x0000009568500000)]
  0x000001e16cdffbb0 JavaThread "File watcher server" daemon [_thread_in_native, id=32960, stack(0x0000009568500000,0x0000009568600000)]
  0x000001e16ce03360 JavaThread "File watcher consumer" daemon [_thread_blocked, id=33008, stack(0x0000009568600000,0x0000009568700000)]
  0x000001e16ce01a10 JavaThread "Cache worker for checksums cache (D:\Belajar\tias-mobile\android\.gradle\8.8\checksums)" [_thread_blocked, id=5760, stack(0x0000009568300000,0x0000009568400000)]
  0x000001e16ce01f20 JavaThread "Cache worker for file content cache (C:\Users\Grahald\.gradle\caches\8.8\fileContent)" [_thread_blocked, id=29892, stack(0x0000009569100000,0x0000009569200000)]
  0x000001e16ce02e50 JavaThread "Cache worker for cache directory md-rule (C:\Users\Grahald\.gradle\caches\8.8\md-rule)" [_thread_blocked, id=24132, stack(0x0000009568200000,0x0000009568300000)]
  0x000001e16ce005d0 JavaThread "Cache worker for cache directory md-supplier (C:\Users\Grahald\.gradle\caches\8.8\md-supplier)" [_thread_blocked, id=31444, stack(0x0000009569300000,0x0000009569400000)]
  0x000001e16ce04cb0 JavaThread "jar transforms" [_thread_blocked, id=32440, stack(0x0000009569700000,0x0000009569800000)]
  0x000001e16ce06600 JavaThread "Unconstrained build operations" [_thread_blocked, id=4808, stack(0x0000009569400000,0x0000009569500000)]
  0x000001e16ce07530 JavaThread "Unconstrained build operations Thread 2" [_thread_blocked, id=2676, stack(0x0000009569500000,0x0000009569600000)]
  0x000001e16ce03d80 JavaThread "Unconstrained build operations Thread 3" [_thread_blocked, id=22088, stack(0x0000009569600000,0x0000009569700000)]
  0x000001e16ce04290 JavaThread "Unconstrained build operations Thread 4" [_thread_blocked, id=12084, stack(0x0000009569800000,0x0000009569900000)]
  0x000001e16ce047a0 JavaThread "Unconstrained build operations Thread 5" [_thread_blocked, id=29608, stack(0x0000009569900000,0x0000009569a00000)]
  0x000001e16ce05be0 JavaThread "Unconstrained build operations Thread 6" [_thread_blocked, id=23256, stack(0x0000009569a00000,0x0000009569b00000)]
  0x000001e16ce060f0 JavaThread "Cache worker for Build Output Cleanup Cache (D:\Belajar\tias-mobile\node_modules\@react-native\gradle-plugin\.gradle\buildOutputCleanup)" [_thread_blocked, id=29264, stack(0x0000009569b00000,0x0000009569c00000)]
  0x000001e16c53b590 JavaThread "Unconstrained build operations Thread 7" [_thread_blocked, id=10780, stack(0x0000009569c00000,0x0000009569d00000)]
  0x000001e16c5382f0 JavaThread "Unconstrained build operations Thread 8" [_thread_blocked, id=5780, stack(0x0000009569d00000,0x0000009569e00000)]
  0x000001e16c539c40 JavaThread "Unconstrained build operations Thread 9" [_thread_blocked, id=4372, stack(0x0000009569e00000,0x0000009569f00000)]
  0x000001e16c53a150 JavaThread "Unconstrained build operations Thread 10" [_thread_blocked, id=34696, stack(0x0000009569f00000,0x000000956a000000)]
  0x000001e16c539730 JavaThread "Unconstrained build operations Thread 11" [_thread_blocked, id=26944, stack(0x000000956a000000,0x000000956a100000)]
  0x000001e16c53ab70 JavaThread "Unconstrained build operations Thread 12" [_thread_blocked, id=24812, stack(0x000000956a100000,0x000000956a200000)]
  0x000001e16c53a660 JavaThread "Unconstrained build operations Thread 13" [_thread_blocked, id=34300, stack(0x000000956a200000,0x000000956a300000)]
  0x000001e16c537de0 JavaThread "Unconstrained build operations Thread 14" [_thread_blocked, id=29224, stack(0x000000956a300000,0x000000956a400000)]
  0x000001e16c53baa0 JavaThread "Unconstrained build operations Thread 15" [_thread_blocked, id=34748, stack(0x000000956a400000,0x000000956a500000)]
  0x000001e16c53bfb0 JavaThread "Unconstrained build operations Thread 16" [_thread_blocked, id=6040, stack(0x000000956a500000,0x000000956a600000)]
  0x000001e16c538800 JavaThread "Unconstrained build operations Thread 17" [_thread_blocked, id=30980, stack(0x000000956a600000,0x000000956a700000)]
  0x000001e16c538d10 JavaThread "Unconstrained build operations Thread 18" [_thread_blocked, id=19380, stack(0x000000956a700000,0x000000956a800000)]
  0x000001e16c53c4c0 JavaThread "Unconstrained build operations Thread 19" [_thread_blocked, id=33324, stack(0x000000956a800000,0x000000956a900000)]
  0x000001e16c53c9d0 JavaThread "Unconstrained build operations Thread 20" [_thread_blocked, id=22900, stack(0x000000956a900000,0x000000956aa00000)]
  0x000001e16c539220 JavaThread "Unconstrained build operations Thread 21" [_thread_blocked, id=9072, stack(0x000000956aa00000,0x000000956ab00000)]
  0x000001e16c53e320 JavaThread "Unconstrained build operations Thread 22" [_thread_blocked, id=27508, stack(0x000000956ab00000,0x000000956ac00000)]
  0x000001e16c53f250 JavaThread "Unconstrained build operations Thread 23" [_thread_blocked, id=3908, stack(0x000000956ac00000,0x000000956ad00000)]
  0x000001e16c53f760 JavaThread "Unconstrained build operations Thread 24" [_thread_blocked, id=18260, stack(0x000000956ad00000,0x000000956ae00000)]
  0x000001e16c53d3f0 JavaThread "Unconstrained build operations Thread 25" [_thread_blocked, id=15824, stack(0x000000956ae00000,0x000000956af00000)]
  0x000001e16c53d900 JavaThread "Unconstrained build operations Thread 26" [_thread_blocked, id=4572, stack(0x000000956af00000,0x000000956b000000)]
  0x000001e16c53cee0 JavaThread "Unconstrained build operations Thread 27" [_thread_blocked, id=33424, stack(0x000000956b000000,0x000000956b100000)]
  0x000001e16c53ed40 JavaThread "Unconstrained build operations Thread 28" [_thread_blocked, id=12028, stack(0x000000956b100000,0x000000956b200000)]
  0x000001e16c53de10 JavaThread "Unconstrained build operations Thread 29" [_thread_blocked, id=27824, stack(0x000000956b200000,0x000000956b300000)]
  0x000001e16c53e830 JavaThread "Unconstrained build operations Thread 30" [_thread_blocked, id=28964, stack(0x000000956b300000,0x000000956b400000)]
  0x000001e1702be6d0 JavaThread "Unconstrained build operations Thread 31" [_thread_blocked, id=33200, stack(0x000000956b400000,0x000000956b500000)]
  0x000001e1702bcd80 JavaThread "Unconstrained build operations Thread 32" [_thread_blocked, id=5676, stack(0x000000956b500000,0x000000956b600000)]
  0x000001e1702bc870 JavaThread "Unconstrained build operations Thread 33" [_thread_blocked, id=6912, stack(0x000000956b600000,0x000000956b700000)]
  0x000001e1702bd7a0 JavaThread "Unconstrained build operations Thread 34" [_thread_blocked, id=1388, stack(0x000000956b700000,0x000000956b800000)]
  0x000001e1702bdcb0 JavaThread "Unconstrained build operations Thread 35" [_thread_blocked, id=20220, stack(0x000000956b800000,0x000000956b900000)]
  0x000001e1702bf600 JavaThread "Unconstrained build operations Thread 36" [_thread_blocked, id=11844, stack(0x000000956b900000,0x000000956ba00000)]
  0x000001e1702bfb10 JavaThread "Unconstrained build operations Thread 37" [_thread_blocked, id=2296, stack(0x000000956ba00000,0x000000956bb00000)]
  0x000001e1702c0020 JavaThread "Unconstrained build operations Thread 38" [_thread_blocked, id=10312, stack(0x000000956bb00000,0x000000956bc00000)]
  0x000001e1702c0530 JavaThread "Unconstrained build operations Thread 39" [_thread_blocked, id=32132, stack(0x000000956bc00000,0x000000956bd00000)]
  0x000001e1702bf0f0 JavaThread "Unconstrained build operations Thread 40" [_thread_blocked, id=5812, stack(0x000000956bd00000,0x000000956be00000)]
  0x000001e1702be1c0 JavaThread "Unconstrained build operations Thread 41" [_thread_blocked, id=33136, stack(0x000000956be00000,0x000000956bf00000)]
  0x000001e1702c0a40 JavaThread "Unconstrained build operations Thread 42" [_thread_blocked, id=34744, stack(0x000000956bf00000,0x000000956c000000)]
  0x000001e1702bebe0 JavaThread "Unconstrained build operations Thread 43" [_thread_blocked, id=32532, stack(0x000000956c000000,0x000000956c100000)]
  0x000001e1702bd290 JavaThread "Unconstrained build operations Thread 44" [_thread_blocked, id=5400, stack(0x000000956c100000,0x000000956c200000)]
  0x000001e1702c37d0 JavaThread "Unconstrained build operations Thread 45" [_thread_blocked, id=33904, stack(0x000000956c200000,0x000000956c300000)]
  0x000001e1702c0f50 JavaThread "Unconstrained build operations Thread 46" [_thread_blocked, id=17640, stack(0x000000956c300000,0x000000956c400000)]
  0x000001e1702c32c0 JavaThread "Unconstrained build operations Thread 47" [_thread_blocked, id=3996, stack(0x000000956c400000,0x000000956c500000)]
  0x000001e1702c3ce0 JavaThread "Unconstrained build operations Thread 48" [_thread_blocked, id=8356, stack(0x000000956c500000,0x000000956c600000)]
  0x000001e1702c41f0 JavaThread "Unconstrained build operations Thread 49" [_thread_blocked, id=7752, stack(0x000000956c600000,0x000000956c700000)]
  0x000001e1702c1460 JavaThread "Unconstrained build operations Thread 50" [_thread_blocked, id=20732, stack(0x000000956c700000,0x000000956c800000)]
  0x000001e1702c28a0 JavaThread "Unconstrained build operations Thread 51" [_thread_blocked, id=21848, stack(0x000000956c800000,0x000000956c900000)]
  0x000001e1702c2390 JavaThread "Memory manager" [_thread_blocked, id=8944, stack(0x000000956c900000,0x000000956ca00000)]
  0x000001e1702c1e80 JavaThread "build event listener" [_thread_blocked, id=21536, stack(0x000000956ca00000,0x000000956cb00000)]
  0x000001e16af86720 JavaThread "C2 CompilerThread1" daemon [_thread_blocked, id=13480, stack(0x0000009568100000,0x0000009568200000)]
  0x000001e16e7829a0 JavaThread "C2 CompilerThread2" daemon [_thread_in_native, id=21996, stack(0x0000009569200000,0x0000009569300000)]
  0x000001e16dccf640 JavaThread "C2 CompilerThread3" daemon [_thread_in_native, id=28940, stack(0x000000956cb00000,0x000000956cc00000)]
=>0x000001e170eaaf60 JavaThread "C2 CompilerThread4" daemon [_thread_in_native, id=23188, stack(0x000000956cc00000,0x000000956cd00000)]

Other Threads:
  0x000001e14a42abb0 VMThread "VM Thread" [stack: 0x0000009566000000,0x0000009566100000] [id=34212]
  0x000001e14a6b1e50 WatcherThread [stack: 0x0000009566f00000,0x0000009567000000] [id=2220]
  0x000001e12b3d0fa0 GCTaskThread "GC Thread#0" [stack: 0x0000009565b00000,0x0000009565c00000] [id=28272]
  0x000001e14a715b40 GCTaskThread "GC Thread#1" [stack: 0x0000009567200000,0x0000009567300000] [id=23420]
  0x000001e14a715e10 GCTaskThread "GC Thread#2" [stack: 0x0000009567300000,0x0000009567400000] [id=14536]
  0x000001e14a7160e0 GCTaskThread "GC Thread#3" [stack: 0x0000009567400000,0x0000009567500000] [id=12640]
  0x000001e14a716950 GCTaskThread "GC Thread#4" [stack: 0x0000009567500000,0x0000009567600000] [id=9784]
  0x000001e16d177890 GCTaskThread "GC Thread#5" [stack: 0x0000009568700000,0x0000009568800000] [id=33700]
  0x000001e16d176a80 GCTaskThread "GC Thread#6" [stack: 0x0000009568800000,0x0000009568900000] [id=10828]
  0x000001e16d1745f0 GCTaskThread "GC Thread#7" [stack: 0x0000009568900000,0x0000009568a00000] [id=15348]
  0x000001e16d177b60 GCTaskThread "GC Thread#8" [stack: 0x0000009568a00000,0x0000009568b00000] [id=9060]
  0x000001e16d1748c0 GCTaskThread "GC Thread#9" [stack: 0x0000009568b00000,0x0000009568c00000] [id=34796]
  0x000001e16d174b90 GCTaskThread "GC Thread#10" [stack: 0x0000009568c00000,0x0000009568d00000] [id=13384]
  0x000001e16d176210 GCTaskThread "GC Thread#11" [stack: 0x0000009568d00000,0x0000009568e00000] [id=11032]
  0x000001e16d177020 GCTaskThread "GC Thread#12" [stack: 0x0000009568e00000,0x0000009568f00000] [id=20908]
  0x000001e12b3e1e10 ConcurrentGCThread "G1 Main Marker" [stack: 0x0000009565c00000,0x0000009565d00000] [id=33580]
  0x000001e12b3e3410 ConcurrentGCThread "G1 Conc#0" [stack: 0x0000009565d00000,0x0000009565e00000] [id=1620]
  0x000001e16d1775c0 ConcurrentGCThread "G1 Conc#1" [stack: 0x0000009568f00000,0x0000009569000000] [id=4564]
  0x000001e16d174e60 ConcurrentGCThread "G1 Conc#2" [stack: 0x0000009569000000,0x0000009569100000] [id=30796]
  0x000001e14972a0d0 ConcurrentGCThread "G1 Refine#0" [stack: 0x0000009565e00000,0x0000009565f00000] [id=31992]
  0x000001e12b41ec20 ConcurrentGCThread "G1 Service" [stack: 0x0000009565f00000,0x0000009566000000] [id=22436]

Threads with active compile tasks:
C2 CompilerThread2  15167 8043 %     4       org.gradle.internal.instantiation.generator.AbstractClassGenerator::inspectType @ 107 (560 bytes)
C2 CompilerThread3  15167 7815       4       org.codehaus.groovy.reflection.CachedMethod::compareTo (25 bytes)
C2 CompilerThread4  15168 7831       4       java.util.Arrays::binarySearch (10 bytes)

VM state: not at safepoint (normal execution)

VM Mutex/Monitor currently owned by a thread: None

Heap address: 0x0000000080000000, size: 2048 MB, Compressed Oops mode: 32-bit

CDS archive(s) mapped at: [0x000001e14b000000-0x000001e14bbb0000-0x000001e14bbb0000), size 12255232, SharedBaseAddress: 0x000001e14b000000, ArchiveRelocationMode: 1.
Compressed class space mapped at: 0x000001e14c000000-0x000001e166000000, reserved size: 436207616
Narrow klass base: 0x000001e14b000000, Narrow klass shift: 0, Narrow klass range: 0x100000000

GC Precious Log:
 CPUs: 16 total, 16 available
 Memory: 15591M
 Large Page Support: Disabled
 NUMA Support: Disabled
 Compressed Oops: Enabled (32-bit)
 Heap Region Size: 1M
 Heap Min Capacity: 8M
 Heap Initial Capacity: 244M
 Heap Max Capacity: 2G
 Pre-touch: Disabled
 Parallel Workers: 13
 Concurrent Workers: 3
 Concurrent Refinement Workers: 13
 Periodic GC: Disabled

Heap:
 garbage-first heap   total 191488K, used 83910K [0x0000000080000000, 0x0000000100000000)
  region size 1024K, 22 young (22528K), 4 survivors (4096K)
 Metaspace       used 62834K, committed 63424K, reserved 491520K
  class space    used 8879K, committed 9152K, reserved 425984K

Heap Regions: E=young(eden), S=young(survivor), O=old, HS=humongous(starts), HC=humongous(continues), CS=collection set, F=free, OA=open archive, CA=closed archive, TAMS=top-at-mark-start (previous, next)
|   0|0x0000000080000000, 0x0000000080100000, 0x0000000080100000|100%|HS|  |TAMS 0x0000000080100000, 0x0000000080000000| Complete 
|   1|0x0000000080100000, 0x0000000080200000, 0x0000000080200000|100%|HC|  |TAMS 0x0000000080200000, 0x0000000080100000| Complete 
|   2|0x0000000080200000, 0x0000000080300000, 0x0000000080300000|100%|HC|  |TAMS 0x0000000080300000, 0x0000000080200000| Complete 
|   3|0x0000000080300000, 0x0000000080400000, 0x0000000080400000|100%|HC|  |TAMS 0x0000000080400000, 0x0000000080300000| Complete 
|   4|0x0000000080400000, 0x0000000080500000, 0x0000000080500000|100%| O|  |TAMS 0x0000000080500000, 0x0000000080400000| Untracked 
|   5|0x0000000080500000, 0x0000000080600000, 0x0000000080600000|100%| O|  |TAMS 0x0000000080600000, 0x0000000080500000| Untracked 
|   6|0x0000000080600000, 0x0000000080700000, 0x0000000080700000|100%| O|  |TAMS 0x0000000080700000, 0x0000000080600000| Untracked 
|   7|0x0000000080700000, 0x0000000080800000, 0x0000000080800000|100%| O|  |TAMS 0x0000000080800000, 0x0000000080700000| Untracked 
|   8|0x0000000080800000, 0x0000000080900000, 0x0000000080900000|100%| O|  |TAMS 0x0000000080900000, 0x0000000080800000| Untracked 
|   9|0x0000000080900000, 0x0000000080a00000, 0x0000000080a00000|100%| O|  |TAMS 0x0000000080a00000, 0x0000000080900000| Untracked 
|  10|0x0000000080a00000, 0x0000000080b00000, 0x0000000080b00000|100%| O|  |TAMS 0x0000000080b00000, 0x0000000080a00000| Untracked 
|  11|0x0000000080b00000, 0x0000000080c00000, 0x0000000080c00000|100%|HS|  |TAMS 0x0000000080c00000, 0x0000000080b00000| Complete 
|  12|0x0000000080c00000, 0x0000000080d00000, 0x0000000080d00000|100%| O|  |TAMS 0x0000000080d00000, 0x0000000080c00000| Untracked 
|  13|0x0000000080d00000, 0x0000000080e00000, 0x0000000080e00000|100%| O|  |TAMS 0x0000000080e00000, 0x0000000080d00000| Untracked 
|  14|0x0000000080e00000, 0x0000000080f00000, 0x0000000080f00000|100%| O|  |TAMS 0x0000000080f00000, 0x0000000080e00000| Untracked 
|  15|0x0000000080f00000, 0x0000000081000000, 0x0000000081000000|100%| O|  |TAMS 0x0000000081000000, 0x0000000080f00000| Untracked 
|  16|0x0000000081000000, 0x0000000081100000, 0x0000000081100000|100%| O|  |TAMS 0x0000000081100000, 0x0000000081000000| Untracked 
|  17|0x0000000081100000, 0x0000000081200000, 0x0000000081200000|100%| O|  |TAMS 0x0000000081200000, 0x0000000081100000| Untracked 
|  18|0x0000000081200000, 0x0000000081300000, 0x0000000081300000|100%| O|  |TAMS 0x0000000081300000, 0x0000000081200000| Untracked 
|  19|0x0000000081300000, 0x0000000081400000, 0x0000000081400000|100%| O|  |TAMS 0x0000000081400000, 0x0000000081300000| Untracked 
|  20|0x0000000081400000, 0x0000000081500000, 0x0000000081500000|100%| O|  |TAMS 0x0000000081500000, 0x0000000081400000| Untracked 
|  21|0x0000000081500000, 0x0000000081600000, 0x0000000081600000|100%| O|  |TAMS 0x0000000081600000, 0x0000000081500000| Untracked 
|  22|0x0000000081600000, 0x0000000081700000, 0x0000000081700000|100%| O|  |TAMS 0x0000000081700000, 0x0000000081600000| Untracked 
|  23|0x0000000081700000, 0x0000000081800000, 0x0000000081800000|100%| O|  |TAMS 0x0000000081800000, 0x0000000081700000| Untracked 
|  24|0x0000000081800000, 0x0000000081900000, 0x0000000081900000|100%| O|  |TAMS 0x0000000081900000, 0x0000000081800000| Untracked 
|  25|0x0000000081900000, 0x0000000081a00000, 0x0000000081a00000|100%| O|  |TAMS 0x0000000081a00000, 0x0000000081900000| Untracked 
|  26|0x0000000081a00000, 0x0000000081b00000, 0x0000000081b00000|100%| O|  |TAMS 0x0000000081b00000, 0x0000000081a00000| Untracked 
|  27|0x0000000081b00000, 0x0000000081c00000, 0x0000000081c00000|100%| O|  |TAMS 0x0000000081c00000, 0x0000000081b00000| Untracked 
|  28|0x0000000081c00000, 0x0000000081d00000, 0x0000000081d00000|100%| O|  |TAMS 0x0000000081d00000, 0x0000000081c00000| Untracked 
|  29|0x0000000081d00000, 0x0000000081e00000, 0x0000000081e00000|100%| O|  |TAMS 0x0000000081e00000, 0x0000000081d00000| Untracked 
|  30|0x0000000081e00000, 0x0000000081f00000, 0x0000000081f00000|100%| O|  |TAMS 0x0000000081f00000, 0x0000000081e00000| Untracked 
|  31|0x0000000081f00000, 0x0000000082000000, 0x0000000082000000|100%| O|  |TAMS 0x0000000082000000, 0x0000000081f00000| Untracked 
|  32|0x0000000082000000, 0x0000000082100000, 0x0000000082100000|100%| O|  |TAMS 0x0000000082100000, 0x0000000082000000| Untracked 
|  33|0x0000000082100000, 0x0000000082200000, 0x0000000082200000|100%| O|  |TAMS 0x0000000082200000, 0x0000000082100000| Untracked 
|  34|0x0000000082200000, 0x0000000082300000, 0x0000000082300000|100%| O|  |TAMS 0x0000000082300000, 0x0000000082200000| Untracked 
|  35|0x0000000082300000, 0x0000000082300000, 0x0000000082400000|  0%| F|  |TAMS 0x0000000082300000, 0x0000000082300000| Untracked 
|  36|0x0000000082400000, 0x0000000082500000, 0x0000000082500000|100%| O|  |TAMS 0x0000000082500000, 0x0000000082400000| Untracked 
|  37|0x0000000082500000, 0x0000000082600000, 0x0000000082600000|100%| O|  |TAMS 0x0000000082600000, 0x0000000082500000| Untracked 
|  38|0x0000000082600000, 0x0000000082700000, 0x0000000082700000|100%| O|  |TAMS 0x0000000082700000, 0x0000000082600000| Untracked 
|  39|0x0000000082700000, 0x0000000082800000, 0x0000000082800000|100%| O|  |TAMS 0x0000000082800000, 0x0000000082700000| Untracked 
|  40|0x0000000082800000, 0x0000000082900000, 0x0000000082900000|100%| O|  |TAMS 0x0000000082900000, 0x0000000082800000| Untracked 
|  41|0x0000000082900000, 0x0000000082a00000, 0x0000000082a00000|100%| O|  |TAMS 0x0000000082a00000, 0x0000000082900000| Untracked 
|  42|0x0000000082a00000, 0x0000000082b00000, 0x0000000082b00000|100%| O|  |TAMS 0x0000000082b00000, 0x0000000082a00000| Untracked 
|  43|0x0000000082b00000, 0x0000000082c00000, 0x0000000082c00000|100%| O|  |TAMS 0x0000000082c00000, 0x0000000082b00000| Untracked 
|  44|0x0000000082c00000, 0x0000000082d00000, 0x0000000082d00000|100%| O|  |TAMS 0x0000000082d00000, 0x0000000082c00000| Untracked 
|  45|0x0000000082d00000, 0x0000000082e00000, 0x0000000082e00000|100%| O|  |TAMS 0x0000000082e00000, 0x0000000082d00000| Complete 
|  46|0x0000000082e00000, 0x0000000082f00000, 0x0000000082f00000|100%|HS|  |TAMS 0x0000000082f00000, 0x0000000082e00000| Complete 
|  47|0x0000000082f00000, 0x0000000083000000, 0x0000000083000000|100%|HC|  |TAMS 0x0000000083000000, 0x0000000082f00000| Complete 
|  48|0x0000000083000000, 0x0000000083100000, 0x0000000083100000|100%|HS|  |TAMS 0x0000000083100000, 0x0000000083000000| Complete 
|  49|0x0000000083100000, 0x0000000083200000, 0x0000000083200000|100%|HC|  |TAMS 0x0000000083200000, 0x0000000083100000| Complete 
|  50|0x0000000083200000, 0x0000000083300000, 0x0000000083300000|100%|HS|  |TAMS 0x0000000083300000, 0x0000000083200000| Complete 
|  51|0x0000000083300000, 0x0000000083400000, 0x0000000083400000|100%|HC|  |TAMS 0x0000000083400000, 0x0000000083300000| Complete 
|  52|0x0000000083400000, 0x0000000083500000, 0x0000000083500000|100%|HC|  |TAMS 0x0000000083500000, 0x0000000083400000| Complete 
|  53|0x0000000083500000, 0x0000000083600000, 0x0000000083600000|100%|HC|  |TAMS 0x0000000083600000, 0x0000000083500000| Complete 
|  54|0x0000000083600000, 0x0000000083700000, 0x0000000083700000|100%|HS|  |TAMS 0x0000000083700000, 0x0000000083600000| Complete 
|  55|0x0000000083700000, 0x0000000083800000, 0x0000000083800000|100%|HC|  |TAMS 0x0000000083800000, 0x0000000083700000| Complete 
|  56|0x0000000083800000, 0x0000000083900000, 0x0000000083900000|100%|HC|  |TAMS 0x0000000083900000, 0x0000000083800000| Complete 
|  57|0x0000000083900000, 0x0000000083a00000, 0x0000000083a00000|100%|HC|  |TAMS 0x0000000083a00000, 0x0000000083900000| Complete 
|  58|0x0000000083a00000, 0x0000000083b00000, 0x0000000083b00000|100%| O|  |TAMS 0x0000000083b00000, 0x0000000083a00000| Untracked 
|  59|0x0000000083b00000, 0x0000000083c00000, 0x0000000083c00000|100%| O|  |TAMS 0x0000000083c00000, 0x0000000083b00000| Untracked 
|  60|0x0000000083c00000, 0x0000000083d00000, 0x0000000083d00000|100%| O|  |TAMS 0x0000000083d00000, 0x0000000083c00000| Untracked 
|  61|0x0000000083d00000, 0x0000000083e00000, 0x0000000083e00000|100%| O|  |TAMS 0x0000000083e00000, 0x0000000083d00000| Untracked 
|  62|0x0000000083e00000, 0x0000000083f00000, 0x0000000083f00000|100%| O|  |TAMS 0x0000000083f00000, 0x0000000083e00000| Untracked 
|  63|0x0000000083f00000, 0x0000000083f7ba00, 0x0000000084000000| 48%| O|  |TAMS 0x0000000083f7ba00, 0x0000000083f00000| Untracked 
|  64|0x0000000084000000, 0x0000000084000000, 0x0000000084100000|  0%| F|  |TAMS 0x0000000084000000, 0x0000000084000000| Untracked 
|  65|0x0000000084100000, 0x0000000084100000, 0x0000000084200000|  0%| F|  |TAMS 0x0000000084100000, 0x0000000084100000| Untracked 
|  66|0x0000000084200000, 0x0000000084200000, 0x0000000084300000|  0%| F|  |TAMS 0x0000000084200000, 0x0000000084200000| Untracked 
|  67|0x0000000084300000, 0x0000000084300000, 0x0000000084400000|  0%| F|  |TAMS 0x0000000084300000, 0x0000000084300000| Untracked 
|  68|0x0000000084400000, 0x0000000084400000, 0x0000000084500000|  0%| F|  |TAMS 0x0000000084400000, 0x0000000084400000| Untracked 
|  69|0x0000000084500000, 0x0000000084500000, 0x0000000084600000|  0%| F|  |TAMS 0x0000000084500000, 0x0000000084500000| Untracked 
|  70|0x0000000084600000, 0x0000000084600000, 0x0000000084700000|  0%| F|  |TAMS 0x0000000084600000, 0x0000000084600000| Untracked 
|  71|0x0000000084700000, 0x0000000084700000, 0x0000000084800000|  0%| F|  |TAMS 0x0000000084700000, 0x0000000084700000| Untracked 
|  72|0x0000000084800000, 0x0000000084800000, 0x0000000084900000|  0%| F|  |TAMS 0x0000000084800000, 0x0000000084800000| Untracked 
|  73|0x0000000084900000, 0x0000000084900000, 0x0000000084a00000|  0%| F|  |TAMS 0x0000000084900000, 0x0000000084900000| Untracked 
|  74|0x0000000084a00000, 0x0000000084a00000, 0x0000000084b00000|  0%| F|  |TAMS 0x0000000084a00000, 0x0000000084a00000| Untracked 
|  75|0x0000000084b00000, 0x0000000084b00000, 0x0000000084c00000|  0%| F|  |TAMS 0x0000000084b00000, 0x0000000084b00000| Untracked 
|  76|0x0000000084c00000, 0x0000000084c00000, 0x0000000084d00000|  0%| F|  |TAMS 0x0000000084c00000, 0x0000000084c00000| Untracked 
|  77|0x0000000084d00000, 0x0000000084d76018, 0x0000000084e00000| 46%| S|CS|TAMS 0x0000000084d00000, 0x0000000084d00000| Complete 
|  78|0x0000000084e00000, 0x0000000084f00000, 0x0000000084f00000|100%| S|CS|TAMS 0x0000000084e00000, 0x0000000084e00000| Complete 
|  79|0x0000000084f00000, 0x0000000085000000, 0x0000000085000000|100%| S|CS|TAMS 0x0000000084f00000, 0x0000000084f00000| Complete 
|  80|0x0000000085000000, 0x0000000085100000, 0x0000000085100000|100%| S|CS|TAMS 0x0000000085000000, 0x0000000085000000| Complete 
|  81|0x0000000085100000, 0x0000000085100000, 0x0000000085200000|  0%| F|  |TAMS 0x0000000085100000, 0x0000000085100000| Untracked 
|  82|0x0000000085200000, 0x0000000085200000, 0x0000000085300000|  0%| F|  |TAMS 0x0000000085200000, 0x0000000085200000| Untracked 
|  83|0x0000000085300000, 0x0000000085300000, 0x0000000085400000|  0%| F|  |TAMS 0x0000000085300000, 0x0000000085300000| Untracked 
|  84|0x0000000085400000, 0x0000000085400000, 0x0000000085500000|  0%| F|  |TAMS 0x0000000085400000, 0x0000000085400000| Untracked 
|  85|0x0000000085500000, 0x0000000085500000, 0x0000000085600000|  0%| F|  |TAMS 0x0000000085500000, 0x0000000085500000| Untracked 
|  86|0x0000000085600000, 0x0000000085600000, 0x0000000085700000|  0%| F|  |TAMS 0x0000000085600000, 0x0000000085600000| Untracked 
|  87|0x0000000085700000, 0x0000000085700000, 0x0000000085800000|  0%| F|  |TAMS 0x0000000085700000, 0x0000000085700000| Untracked 
|  88|0x0000000085800000, 0x0000000085800000, 0x0000000085900000|  0%| F|  |TAMS 0x0000000085800000, 0x0000000085800000| Untracked 
|  89|0x0000000085900000, 0x0000000085900000, 0x0000000085a00000|  0%| F|  |TAMS 0x0000000085900000, 0x0000000085900000| Untracked 
|  90|0x0000000085a00000, 0x0000000085a00000, 0x0000000085b00000|  0%| F|  |TAMS 0x0000000085a00000, 0x0000000085a00000| Untracked 
|  91|0x0000000085b00000, 0x0000000085b00000, 0x0000000085c00000|  0%| F|  |TAMS 0x0000000085b00000, 0x0000000085b00000| Untracked 
|  92|0x0000000085c00000, 0x0000000085c00000, 0x0000000085d00000|  0%| F|  |TAMS 0x0000000085c00000, 0x0000000085c00000| Untracked 
|  93|0x0000000085d00000, 0x0000000085d00000, 0x0000000085e00000|  0%| F|  |TAMS 0x0000000085d00000, 0x0000000085d00000| Untracked 
|  94|0x0000000085e00000, 0x0000000085e00000, 0x0000000085f00000|  0%| F|  |TAMS 0x0000000085e00000, 0x0000000085e00000| Untracked 
|  95|0x0000000085f00000, 0x0000000085f00000, 0x0000000086000000|  0%| F|  |TAMS 0x0000000085f00000, 0x0000000085f00000| Untracked 
|  96|0x0000000086000000, 0x0000000086000000, 0x0000000086100000|  0%| F|  |TAMS 0x0000000086000000, 0x0000000086000000| Untracked 
|  97|0x0000000086100000, 0x0000000086100000, 0x0000000086200000|  0%| F|  |TAMS 0x0000000086100000, 0x0000000086100000| Untracked 
|  98|0x0000000086200000, 0x0000000086200000, 0x0000000086300000|  0%| F|  |TAMS 0x0000000086200000, 0x0000000086200000| Untracked 
|  99|0x0000000086300000, 0x0000000086300000, 0x0000000086400000|  0%| F|  |TAMS 0x0000000086300000, 0x0000000086300000| Untracked 
| 100|0x0000000086400000, 0x0000000086400000, 0x0000000086500000|  0%| F|  |TAMS 0x0000000086400000, 0x0000000086400000| Untracked 
| 101|0x0000000086500000, 0x0000000086500000, 0x0000000086600000|  0%| F|  |TAMS 0x0000000086500000, 0x0000000086500000| Untracked 
| 102|0x0000000086600000, 0x0000000086600000, 0x0000000086700000|  0%| F|  |TAMS 0x0000000086600000, 0x0000000086600000| Untracked 
| 103|0x0000000086700000, 0x0000000086700000, 0x0000000086800000|  0%| F|  |TAMS 0x0000000086700000, 0x0000000086700000| Untracked 
| 104|0x0000000086800000, 0x0000000086800000, 0x0000000086900000|  0%| F|  |TAMS 0x0000000086800000, 0x0000000086800000| Untracked 
| 105|0x0000000086900000, 0x0000000086900000, 0x0000000086a00000|  0%| F|  |TAMS 0x0000000086900000, 0x0000000086900000| Untracked 
| 106|0x0000000086a00000, 0x0000000086a00000, 0x0000000086b00000|  0%| F|  |TAMS 0x0000000086a00000, 0x0000000086a00000| Untracked 
| 107|0x0000000086b00000, 0x0000000086b00000, 0x0000000086c00000|  0%| F|  |TAMS 0x0000000086b00000, 0x0000000086b00000| Untracked 
| 108|0x0000000086c00000, 0x0000000086c00000, 0x0000000086d00000|  0%| F|  |TAMS 0x0000000086c00000, 0x0000000086c00000| Untracked 
| 109|0x0000000086d00000, 0x0000000086d00000, 0x0000000086e00000|  0%| F|  |TAMS 0x0000000086d00000, 0x0000000086d00000| Untracked 
| 110|0x0000000086e00000, 0x0000000086e00000, 0x0000000086f00000|  0%| F|  |TAMS 0x0000000086e00000, 0x0000000086e00000| Untracked 
| 111|0x0000000086f00000, 0x0000000086f00000, 0x0000000087000000|  0%| F|  |TAMS 0x0000000086f00000, 0x0000000086f00000| Untracked 
| 112|0x0000000087000000, 0x0000000087000000, 0x0000000087100000|  0%| F|  |TAMS 0x0000000087000000, 0x0000000087000000| Untracked 
| 113|0x0000000087100000, 0x0000000087100000, 0x0000000087200000|  0%| F|  |TAMS 0x0000000087100000, 0x0000000087100000| Untracked 
| 114|0x0000000087200000, 0x0000000087200000, 0x0000000087300000|  0%| F|  |TAMS 0x0000000087200000, 0x0000000087200000| Untracked 
| 115|0x0000000087300000, 0x0000000087300000, 0x0000000087400000|  0%| F|  |TAMS 0x0000000087300000, 0x0000000087300000| Untracked 
| 116|0x0000000087400000, 0x0000000087400000, 0x0000000087500000|  0%| F|  |TAMS 0x0000000087400000, 0x0000000087400000| Untracked 
| 117|0x0000000087500000, 0x0000000087500000, 0x0000000087600000|  0%| F|  |TAMS 0x0000000087500000, 0x0000000087500000| Untracked 
| 118|0x0000000087600000, 0x0000000087600000, 0x0000000087700000|  0%| F|  |TAMS 0x0000000087600000, 0x0000000087600000| Untracked 
| 119|0x0000000087700000, 0x0000000087700000, 0x0000000087800000|  0%| F|  |TAMS 0x0000000087700000, 0x0000000087700000| Untracked 
| 120|0x0000000087800000, 0x0000000087800000, 0x0000000087900000|  0%| F|  |TAMS 0x0000000087800000, 0x0000000087800000| Untracked 
| 121|0x0000000087900000, 0x0000000087900000, 0x0000000087a00000|  0%| F|  |TAMS 0x0000000087900000, 0x0000000087900000| Untracked 
| 122|0x0000000087a00000, 0x0000000087a00000, 0x0000000087b00000|  0%| F|  |TAMS 0x0000000087a00000, 0x0000000087a00000| Untracked 
| 123|0x0000000087b00000, 0x0000000087b00000, 0x0000000087c00000|  0%| F|  |TAMS 0x0000000087b00000, 0x0000000087b00000| Untracked 
| 124|0x0000000087c00000, 0x0000000087c00000, 0x0000000087d00000|  0%| F|  |TAMS 0x0000000087c00000, 0x0000000087c00000| Untracked 
| 125|0x0000000087d00000, 0x0000000087d00000, 0x0000000087e00000|  0%| F|  |TAMS 0x0000000087d00000, 0x0000000087d00000| Untracked 
| 126|0x0000000087e00000, 0x0000000087e00000, 0x0000000087f00000|  0%| F|  |TAMS 0x0000000087e00000, 0x0000000087e00000| Untracked 
| 127|0x0000000087f00000, 0x0000000087f00000, 0x0000000088000000|  0%| F|  |TAMS 0x0000000087f00000, 0x0000000087f00000| Untracked 
| 128|0x0000000088000000, 0x0000000088000000, 0x0000000088100000|  0%| F|  |TAMS 0x0000000088000000, 0x0000000088000000| Untracked 
| 129|0x0000000088100000, 0x0000000088100000, 0x0000000088200000|  0%| F|  |TAMS 0x0000000088100000, 0x0000000088100000| Untracked 
| 130|0x0000000088200000, 0x0000000088200000, 0x0000000088300000|  0%| F|  |TAMS 0x0000000088200000, 0x0000000088200000| Untracked 
| 131|0x0000000088300000, 0x0000000088300000, 0x0000000088400000|  0%| F|  |TAMS 0x0000000088300000, 0x0000000088300000| Untracked 
| 132|0x0000000088400000, 0x0000000088400000, 0x0000000088500000|  0%| F|  |TAMS 0x0000000088400000, 0x0000000088400000| Untracked 
| 133|0x0000000088500000, 0x0000000088500000, 0x0000000088600000|  0%| F|  |TAMS 0x0000000088500000, 0x0000000088500000| Untracked 
| 134|0x0000000088600000, 0x0000000088600000, 0x0000000088700000|  0%| F|  |TAMS 0x0000000088600000, 0x0000000088600000| Untracked 
| 135|0x0000000088700000, 0x0000000088700000, 0x0000000088800000|  0%| F|  |TAMS 0x0000000088700000, 0x0000000088700000| Untracked 
| 136|0x0000000088800000, 0x0000000088800000, 0x0000000088900000|  0%| F|  |TAMS 0x0000000088800000, 0x0000000088800000| Untracked 
| 137|0x0000000088900000, 0x0000000088900000, 0x0000000088a00000|  0%| F|  |TAMS 0x0000000088900000, 0x0000000088900000| Untracked 
| 138|0x0000000088a00000, 0x0000000088a00000, 0x0000000088b00000|  0%| F|  |TAMS 0x0000000088a00000, 0x0000000088a00000| Untracked 
| 139|0x0000000088b00000, 0x0000000088b00000, 0x0000000088c00000|  0%| F|  |TAMS 0x0000000088b00000, 0x0000000088b00000| Untracked 
| 140|0x0000000088c00000, 0x0000000088c00000, 0x0000000088d00000|  0%| F|  |TAMS 0x0000000088c00000, 0x0000000088c00000| Untracked 
| 141|0x0000000088d00000, 0x0000000088d00000, 0x0000000088e00000|  0%| F|  |TAMS 0x0000000088d00000, 0x0000000088d00000| Untracked 
| 142|0x0000000088e00000, 0x0000000088e00000, 0x0000000088f00000|  0%| F|  |TAMS 0x0000000088e00000, 0x0000000088e00000| Untracked 
| 143|0x0000000088f00000, 0x0000000088f00000, 0x0000000089000000|  0%| F|  |TAMS 0x0000000088f00000, 0x0000000088f00000| Untracked 
| 144|0x0000000089000000, 0x0000000089000000, 0x0000000089100000|  0%| F|  |TAMS 0x0000000089000000, 0x0000000089000000| Untracked 
| 145|0x0000000089100000, 0x0000000089100000, 0x0000000089200000|  0%| F|  |TAMS 0x0000000089100000, 0x0000000089100000| Untracked 
| 146|0x0000000089200000, 0x0000000089200000, 0x0000000089300000|  0%| F|  |TAMS 0x0000000089200000, 0x0000000089200000| Untracked 
| 147|0x0000000089300000, 0x0000000089300000, 0x0000000089400000|  0%| F|  |TAMS 0x0000000089300000, 0x0000000089300000| Untracked 
| 148|0x0000000089400000, 0x0000000089400000, 0x0000000089500000|  0%| F|  |TAMS 0x0000000089400000, 0x0000000089400000| Untracked 
| 149|0x0000000089500000, 0x0000000089500000, 0x0000000089600000|  0%| F|  |TAMS 0x0000000089500000, 0x0000000089500000| Untracked 
| 150|0x0000000089600000, 0x0000000089600000, 0x0000000089700000|  0%| F|  |TAMS 0x0000000089600000, 0x0000000089600000| Untracked 
| 151|0x0000000089700000, 0x0000000089700000, 0x0000000089800000|  0%| F|  |TAMS 0x0000000089700000, 0x0000000089700000| Untracked 
| 152|0x0000000089800000, 0x0000000089800000, 0x0000000089900000|  0%| F|  |TAMS 0x0000000089800000, 0x0000000089800000| Untracked 
| 153|0x0000000089900000, 0x0000000089900000, 0x0000000089a00000|  0%| F|  |TAMS 0x0000000089900000, 0x0000000089900000| Untracked 
| 154|0x0000000089a00000, 0x0000000089a00000, 0x0000000089b00000|  0%| F|  |TAMS 0x0000000089a00000, 0x0000000089a00000| Untracked 
| 155|0x0000000089b00000, 0x0000000089b00000, 0x0000000089c00000|  0%| F|  |TAMS 0x0000000089b00000, 0x0000000089b00000| Untracked 
| 156|0x0000000089c00000, 0x0000000089c00000, 0x0000000089d00000|  0%| F|  |TAMS 0x0000000089c00000, 0x0000000089c00000| Untracked 
| 157|0x0000000089d00000, 0x0000000089d00000, 0x0000000089e00000|  0%| F|  |TAMS 0x0000000089d00000, 0x0000000089d00000| Untracked 
| 158|0x0000000089e00000, 0x0000000089e00000, 0x0000000089f00000|  0%| F|  |TAMS 0x0000000089e00000, 0x0000000089e00000| Untracked 
| 159|0x0000000089f00000, 0x0000000089f00000, 0x000000008a000000|  0%| F|  |TAMS 0x0000000089f00000, 0x0000000089f00000| Untracked 
| 160|0x000000008a000000, 0x000000008a000000, 0x000000008a100000|  0%| F|  |TAMS 0x000000008a000000, 0x000000008a000000| Untracked 
| 161|0x000000008a100000, 0x000000008a100000, 0x000000008a200000|  0%| F|  |TAMS 0x000000008a100000, 0x000000008a100000| Untracked 
| 162|0x000000008a200000, 0x000000008a200000, 0x000000008a300000|  0%| F|  |TAMS 0x000000008a200000, 0x000000008a200000| Untracked 
| 163|0x000000008a300000, 0x000000008a300000, 0x000000008a400000|  0%| F|  |TAMS 0x000000008a300000, 0x000000008a300000| Untracked 
| 164|0x000000008a400000, 0x000000008a400000, 0x000000008a500000|  0%| F|  |TAMS 0x000000008a400000, 0x000000008a400000| Untracked 
| 165|0x000000008a500000, 0x000000008a500000, 0x000000008a600000|  0%| F|  |TAMS 0x000000008a500000, 0x000000008a500000| Untracked 
| 166|0x000000008a600000, 0x000000008a600000, 0x000000008a700000|  0%| F|  |TAMS 0x000000008a600000, 0x000000008a600000| Untracked 
| 167|0x000000008a700000, 0x000000008a700000, 0x000000008a800000|  0%| F|  |TAMS 0x000000008a700000, 0x000000008a700000| Untracked 
| 168|0x000000008a800000, 0x000000008a800000, 0x000000008a900000|  0%| F|  |TAMS 0x000000008a800000, 0x000000008a800000| Untracked 
| 169|0x000000008a900000, 0x000000008a981300, 0x000000008aa00000| 50%| E|  |TAMS 0x000000008a900000, 0x000000008a900000| Complete 
| 170|0x000000008aa00000, 0x000000008ab00000, 0x000000008ab00000|100%| E|CS|TAMS 0x000000008aa00000, 0x000000008aa00000| Complete 
| 171|0x000000008ab00000, 0x000000008ac00000, 0x000000008ac00000|100%| E|CS|TAMS 0x000000008ab00000, 0x000000008ab00000| Complete 
| 172|0x000000008ac00000, 0x000000008ad00000, 0x000000008ad00000|100%| E|CS|TAMS 0x000000008ac00000, 0x000000008ac00000| Complete 
| 173|0x000000008ad00000, 0x000000008ae00000, 0x000000008ae00000|100%| E|CS|TAMS 0x000000008ad00000, 0x000000008ad00000| Complete 
| 174|0x000000008ae00000, 0x000000008af00000, 0x000000008af00000|100%| E|CS|TAMS 0x000000008ae00000, 0x000000008ae00000| Complete 
| 175|0x000000008af00000, 0x000000008b000000, 0x000000008b000000|100%| E|CS|TAMS 0x000000008af00000, 0x000000008af00000| Complete 
| 176|0x000000008b000000, 0x000000008b100000, 0x000000008b100000|100%| E|CS|TAMS 0x000000008b000000, 0x000000008b000000| Complete 
| 177|0x000000008b100000, 0x000000008b200000, 0x000000008b200000|100%| E|CS|TAMS 0x000000008b100000, 0x000000008b100000| Complete 
| 178|0x000000008b200000, 0x000000008b300000, 0x000000008b300000|100%| E|CS|TAMS 0x000000008b200000, 0x000000008b200000| Complete 
| 179|0x000000008b300000, 0x000000008b400000, 0x000000008b400000|100%| E|CS|TAMS 0x000000008b300000, 0x000000008b300000| Complete 
| 180|0x000000008b400000, 0x000000008b500000, 0x000000008b500000|100%| E|CS|TAMS 0x000000008b400000, 0x000000008b400000| Complete 
| 181|0x000000008b500000, 0x000000008b600000, 0x000000008b600000|100%| E|  |TAMS 0x000000008b500000, 0x000000008b500000| Complete 
| 182|0x000000008b600000, 0x000000008b700000, 0x000000008b700000|100%| E|CS|TAMS 0x000000008b600000, 0x000000008b600000| Complete 
| 183|0x000000008b700000, 0x000000008b800000, 0x000000008b800000|100%| E|CS|TAMS 0x000000008b700000, 0x000000008b700000| Complete 
| 184|0x000000008b800000, 0x000000008b900000, 0x000000008b900000|100%| E|CS|TAMS 0x000000008b800000, 0x000000008b800000| Complete 
| 185|0x000000008b900000, 0x000000008ba00000, 0x000000008ba00000|100%| E|CS|TAMS 0x000000008b900000, 0x000000008b900000| Complete 
| 243|0x000000008f300000, 0x000000008f400000, 0x000000008f400000|100%| E|CS|TAMS 0x000000008f300000, 0x000000008f300000| Complete 

Card table byte_map: [0x000001e142b70000,0x000001e142f70000] _byte_map_base: 0x000001e142770000

Marking Bits (Prev, Next): (CMBitMap*) 0x000001e12b3d14e0, (CMBitMap*) 0x000001e12b3d1520
 Prev Bits: [0x000001e143370000, 0x000001e145370000)
 Next Bits: [0x000001e145370000, 0x000001e147370000)

Polling page: 0x000001e129120000

Metaspace:

Usage:
  Non-class:     52.70 MB used.
      Class:      8.67 MB used.
       Both:     61.37 MB used.

Virtual space:
  Non-class space:       64.00 MB reserved,      53.00 MB ( 83%) committed,  1 nodes.
      Class space:      416.00 MB reserved,       8.94 MB (  2%) committed,  1 nodes.
             Both:      480.00 MB reserved,      61.94 MB ( 13%) committed. 

Chunk freelists:
   Non-Class:  10.77 MB
       Class:  7.03 MB
        Both:  17.80 MB

MaxMetaspaceSize: 512.00 MB
CompressedClassSpaceSize: 416.00 MB
Initial GC threshold: 21.00 MB
Current GC threshold: 101.88 MB
CDS: on
MetaspaceReclaimPolicy: balanced
 - commit_granule_bytes: 65536.
 - commit_granule_words: 8192.
 - virtual_space_node_default_size: 8388608.
 - enlarge_chunks_in_place: 1.
 - new_chunks_are_fully_committed: 0.
 - uncommit_free_chunks: 1.
 - use_allocation_guard: 0.
 - handle_deallocations: 1.


Internal statistics:

num_allocs_failed_limit: 6.
num_arena_births: 808.
num_arena_deaths: 0.
num_vsnodes_births: 2.
num_vsnodes_deaths: 0.
num_space_committed: 991.
num_space_uncommitted: 0.
num_chunks_returned_to_freelist: 6.
num_chunks_taken_from_freelist: 3414.
num_chunk_merges: 6.
num_chunk_splits: 2238.
num_chunks_enlarged: 1480.
num_inconsistent_stats: 0.

CodeHeap 'non-profiled nmethods': size=119168Kb used=4018Kb max_used=4018Kb free=115150Kb
 bounds [0x000001e13aa80000, 0x000001e13ae70000, 0x000001e141ee0000]
CodeHeap 'profiled nmethods': size=119104Kb used=14407Kb max_used=14407Kb free=104696Kb
 bounds [0x000001e132ee0000, 0x000001e133d00000, 0x000001e13a330000]
CodeHeap 'non-nmethods': size=7488Kb used=4056Kb max_used=4116Kb free=3431Kb
 bounds [0x000001e13a330000, 0x000001e13a740000, 0x000001e13aa80000]
 total_blobs=8225 nmethods=7333 adapters=801
 compilation: enabled
              stopped_count=0, restarted_count=0
 full_count=0

Compilation events (20 events):
Event: 15.045 Thread 0x000001e16aeba8a0 8036       1       org.jetbrains.kotlin.gradle.plugin.mpp.AbstractKotlinTarget::getProject (5 bytes)
Event: 15.046 Thread 0x000001e16aeba8a0 nmethod 8036 0x000001e13ae5e590 code [0x000001e13ae5e720, 0x000001e13ae5e7f8]
Event: 15.046 Thread 0x000001e14a5811d0 8037       3       org.gradle.api.internal.project.DefaultProject::getExtensions (5 bytes)
Event: 15.046 Thread 0x000001e14a57fbf0 8038       3       org.gradle.api.internal.provider.DefaultPropertyFactory::property (13 bytes)
Event: 15.047 Thread 0x000001e14a5811d0 nmethod 8037 0x000001e1337c9b90 code [0x000001e1337c9e80, 0x000001e1337cb108]
Event: 15.047 Thread 0x000001e14a57fbf0 nmethod 8038 0x000001e133ce1a10 code [0x000001e133ce1ca0, 0x000001e133ce2b88]
Event: 15.076 Thread 0x000001e16af86720 8040       4       java.nio.ByteBuffer::position (6 bytes)
Event: 15.078 Thread 0x000001e16e7829a0 8041       4       java.nio.Buffer::<init> (105 bytes)
Event: 15.078 Thread 0x000001e16af86720 nmethod 8040 0x000001e13ae5ed90 code [0x000001e13ae5ef20, 0x000001e13ae5f018]
Event: 15.083 Thread 0x000001e16e7829a0 nmethod 8041 0x000001e13ae5f110 code [0x000001e13ae5f2a0, 0x000001e13ae5f478]
Event: 15.086 Thread 0x000001e16aeba8a0 8042       3       java.lang.reflect.ProxyGenerator::collectCompatibleTypes (93 bytes)
Event: 15.087 Thread 0x000001e16aeba8a0 nmethod 8042 0x000001e1337c8f90 code [0x000001e1337c9180, 0x000001e1337c9668]
Event: 15.087 Thread 0x000001e16e7829a0 8043 %     4       org.gradle.internal.instantiation.generator.AbstractClassGenerator::inspectType @ 107 (560 bytes)
Event: 15.088 Thread 0x000001e16aeba8a0 8044       3       jdk.internal.reflect.ClassFileAssembler::<init> (8 bytes)
Event: 15.088 Thread 0x000001e14a458ca0 8045       3       jdk.internal.reflect.ClassFileAssembler::append (9 bytes)
Event: 15.089 Thread 0x000001e16aeba8a0 nmethod 8044 0x000001e133ce3010 code [0x000001e133ce31e0, 0x000001e133ce36f8]
Event: 15.089 Thread 0x000001e14a458ca0 nmethod 8045 0x000001e133ce3890 code [0x000001e133ce3a80, 0x000001e133ce3f98]
Event: 15.093 Thread 0x000001e16af86720 8046       4       org.objectweb.asm.Type::hashCode (68 bytes)
Event: 15.100 Thread 0x000001e16af86720 nmethod 8046 0x000001e13ae5f590 code [0x000001e13ae5f720, 0x000001e13ae5f8c8]
Event: 15.114 Thread 0x000001e14a452dd0 nmethod 7823 0x000001e13ae5fa90 code [0x000001e13ae600a0, 0x000001e13ae67440]

GC Heap History (20 events):
Event: 12.109 GC heap before
{Heap before GC invocations=15 (full 0):
 garbage-first heap   total 86016K, used 66858K [0x0000000080000000, 0x0000000100000000)
  region size 1024K, 31 young (31744K), 5 survivors (5120K)
 Metaspace       used 51808K, committed 52416K, reserved 491520K
  class space    used 7261K, committed 7552K, reserved 425984K
}
Event: 12.117 GC heap after
{Heap after GC invocations=16 (full 0):
 garbage-first heap   total 86016K, used 45087K [0x0000000080000000, 0x0000000100000000)
  region size 1024K, 4 young (4096K), 4 survivors (4096K)
 Metaspace       used 51808K, committed 52416K, reserved 491520K
  class space    used 7261K, committed 7552K, reserved 425984K
}
Event: 12.452 GC heap before
{Heap before GC invocations=16 (full 0):
 garbage-first heap   total 86016K, used 66591K [0x0000000080000000, 0x0000000100000000)
  region size 1024K, 26 young (26624K), 4 survivors (4096K)
 Metaspace       used 52961K, committed 53568K, reserved 491520K
  class space    used 7443K, committed 7744K, reserved 425984K
}
Event: 12.457 GC heap after
{Heap after GC invocations=17 (full 0):
 garbage-first heap   total 86016K, used 47074K [0x0000000080000000, 0x0000000100000000)
  region size 1024K, 4 young (4096K), 4 survivors (4096K)
 Metaspace       used 52961K, committed 53568K, reserved 491520K
  class space    used 7443K, committed 7744K, reserved 425984K
}
Event: 12.855 GC heap before
{Heap before GC invocations=18 (full 0):
 garbage-first heap   total 86016K, used 67554K [0x0000000080000000, 0x0000000100000000)
  region size 1024K, 24 young (24576K), 4 survivors (4096K)
 Metaspace       used 54648K, committed 55232K, reserved 491520K
  class space    used 7751K, committed 8064K, reserved 425984K
}
Event: 12.858 GC heap after
{Heap after GC invocations=19 (full 0):
 garbage-first heap   total 103424K, used 48052K [0x0000000080000000, 0x0000000100000000)
  region size 1024K, 2 young (2048K), 2 survivors (2048K)
 Metaspace       used 54648K, committed 55232K, reserved 491520K
  class space    used 7751K, committed 8064K, reserved 425984K
}
Event: 12.904 GC heap before
{Heap before GC invocations=19 (full 0):
 garbage-first heap   total 103424K, used 49076K [0x0000000080000000, 0x0000000100000000)
  region size 1024K, 4 young (4096K), 2 survivors (2048K)
 Metaspace       used 54749K, committed 55360K, reserved 491520K
  class space    used 7758K, committed 8064K, reserved 425984K
}
Event: 12.906 GC heap after
{Heap after GC invocations=20 (full 0):
 garbage-first heap   total 103424K, used 48179K [0x0000000080000000, 0x0000000100000000)
  region size 1024K, 2 young (2048K), 2 survivors (2048K)
 Metaspace       used 54749K, committed 55360K, reserved 491520K
  class space    used 7758K, committed 8064K, reserved 425984K
}
Event: 13.587 GC heap before
{Heap before GC invocations=21 (full 0):
 garbage-first heap   total 103424K, used 92211K [0x0000000080000000, 0x0000000100000000)
  region size 1024K, 34 young (34816K), 2 survivors (2048K)
 Metaspace       used 57628K, committed 58240K, reserved 491520K
  class space    used 8173K, committed 8448K, reserved 425984K
}
Event: 13.590 GC heap after
{Heap after GC invocations=22 (full 0):
 garbage-first heap   total 103424K, used 63364K [0x0000000080000000, 0x0000000100000000)
  region size 1024K, 4 young (4096K), 4 survivors (4096K)
 Metaspace       used 57628K, committed 58240K, reserved 491520K
  class space    used 8173K, committed 8448K, reserved 425984K
}
Event: 13.604 GC heap before
{Heap before GC invocations=22 (full 0):
 garbage-first heap   total 103424K, used 63364K [0x0000000080000000, 0x0000000100000000)
  region size 1024K, 5 young (5120K), 4 survivors (4096K)
 Metaspace       used 57709K, committed 58304K, reserved 491520K
  class space    used 8183K, committed 8448K, reserved 425984K
}
Event: 13.607 GC heap after
{Heap after GC invocations=23 (full 0):
 garbage-first heap   total 103424K, used 62626K [0x0000000080000000, 0x0000000100000000)
  region size 1024K, 1 young (1024K), 1 survivors (1024K)
 Metaspace       used 57709K, committed 58304K, reserved 491520K
  class space    used 8183K, committed 8448K, reserved 425984K
}
Event: 13.981 GC heap before
{Heap before GC invocations=23 (full 0):
 garbage-first heap   total 103424K, used 84130K [0x0000000080000000, 0x0000000100000000)
  region size 1024K, 22 young (22528K), 1 survivors (1024K)
 Metaspace       used 59452K, committed 60032K, reserved 491520K
  class space    used 8400K, committed 8704K, reserved 425984K
}
Event: 13.983 GC heap after
{Heap after GC invocations=24 (full 0):
 garbage-first heap   total 103424K, used 64135K [0x0000000080000000, 0x0000000100000000)
  region size 1024K, 2 young (2048K), 2 survivors (2048K)
 Metaspace       used 59452K, committed 60032K, reserved 491520K
  class space    used 8400K, committed 8704K, reserved 425984K
}
Event: 14.247 GC heap before
{Heap before GC invocations=25 (full 0):
 garbage-first heap   total 112640K, used 84615K [0x0000000080000000, 0x0000000100000000)
  region size 1024K, 22 young (22528K), 2 survivors (2048K)
 Metaspace       used 60618K, committed 61184K, reserved 491520K
  class space    used 8564K, committed 8832K, reserved 425984K
}
Event: 14.251 GC heap after
{Heap after GC invocations=26 (full 0):
 garbage-first heap   total 112640K, used 64725K [0x0000000080000000, 0x0000000100000000)
  region size 1024K, 1 young (1024K), 1 survivors (1024K)
 Metaspace       used 60618K, committed 61184K, reserved 491520K
  class space    used 8564K, committed 8832K, reserved 425984K
}
Event: 14.309 GC heap before
{Heap before GC invocations=26 (full 0):
 garbage-first heap   total 112640K, used 68821K [0x0000000080000000, 0x0000000100000000)
  region size 1024K, 5 young (5120K), 1 survivors (1024K)
 Metaspace       used 60845K, committed 61504K, reserved 491520K
  class space    used 8600K, committed 8896K, reserved 425984K
}
Event: 14.311 GC heap after
{Heap after GC invocations=27 (full 0):
 garbage-first heap   total 112640K, used 64138K [0x0000000080000000, 0x0000000100000000)
  region size 1024K, 1 young (1024K), 1 survivors (1024K)
 Metaspace       used 60845K, committed 61504K, reserved 491520K
  class space    used 8600K, committed 8896K, reserved 425984K
}
Event: 14.731 GC heap before
{Heap before GC invocations=27 (full 0):
 garbage-first heap   total 112640K, used 92810K [0x0000000080000000, 0x0000000100000000)
  region size 1024K, 29 young (29696K), 1 survivors (1024K)
 Metaspace       used 61961K, committed 62592K, reserved 491520K
  class space    used 8742K, committed 9024K, reserved 425984K
}
Event: 14.735 GC heap after
{Heap after GC invocations=28 (full 0):
 garbage-first heap   total 191488K, used 67526K [0x0000000080000000, 0x0000000100000000)
  region size 1024K, 4 young (4096K), 4 survivors (4096K)
 Metaspace       used 61961K, committed 62592K, reserved 491520K
  class space    used 8742K, committed 9024K, reserved 425984K
}

Dll operation events (15 events):
Event: 0.014 Loaded shared library C:\Program Files\Microsoft\jdk-17.0.17.10-hotspot\bin\java.dll
Event: 0.038 Loaded shared library C:\Program Files\Microsoft\jdk-17.0.17.10-hotspot\bin\jsvml.dll
Event: 0.105 Loaded shared library C:\Program Files\Microsoft\jdk-17.0.17.10-hotspot\bin\zip.dll
Event: 0.110 Loaded shared library C:\Program Files\Microsoft\jdk-17.0.17.10-hotspot\bin\instrument.dll
Event: 0.116 Loaded shared library C:\Program Files\Microsoft\jdk-17.0.17.10-hotspot\bin\net.dll
Event: 0.118 Loaded shared library C:\Program Files\Microsoft\jdk-17.0.17.10-hotspot\bin\nio.dll
Event: 0.123 Loaded shared library C:\Program Files\Microsoft\jdk-17.0.17.10-hotspot\bin\zip.dll
Event: 0.490 Loaded shared library C:\Program Files\Microsoft\jdk-17.0.17.10-hotspot\bin\jimage.dll
Event: 0.639 Loaded shared library C:\Program Files\Microsoft\jdk-17.0.17.10-hotspot\bin\verify.dll
Event: 0.922 Loaded shared library C:\Users\Grahald\.gradle\native\c067742578af261105cb4f569cf0c3c89f3d7b1fecec35dd04571415982c5e48\windows-amd64\native-platform.dll
Event: 0.933 Loaded shared library C:\Users\Grahald\.gradle\native\100fb08df4bc3b14c8652ba06237920a3bd2aa13389f12d3474272988ae205f9\windows-amd64\native-platform-file-events.dll
Event: 2.270 Loaded shared library C:\Program Files\Microsoft\jdk-17.0.17.10-hotspot\bin\management.dll
Event: 2.275 Loaded shared library C:\Program Files\Microsoft\jdk-17.0.17.10-hotspot\bin\management_ext.dll
Event: 2.568 Loaded shared library C:\Program Files\Microsoft\jdk-17.0.17.10-hotspot\bin\extnet.dll
Event: 2.922 Loaded shared library C:\Program Files\Microsoft\jdk-17.0.17.10-hotspot\bin\sunmscapi.dll

Deoptimization events (20 events):
Event: 13.809 Thread 0x000001e14a703500 Uncommon trap: trap_request=0xffffffde fr.pc=0x000001e13ae13028 relative=0x0000000000000548
Event: 13.809 Thread 0x000001e14a703500 Uncommon trap: reason=class_check action=maybe_recompile pc=0x000001e13ae13028 method=kotlin.reflect.jvm.internal.impl.protobuf.CodedInputStream.tryRefillBuffer(I)Z @ 175 c2
Event: 13.809 Thread 0x000001e14a703500 DEOPT PACKING pc=0x000001e13ae13028 sp=0x0000009567bf4e10
Event: 13.809 Thread 0x000001e14a703500 DEOPT UNPACKING pc=0x000001e13a3869a3 sp=0x0000009567bf4cf8 mode 2
Event: 13.962 Thread 0x000001e14a703500 Uncommon trap: trap_request=0xffffffc6 fr.pc=0x000001e13acd30e0 relative=0x0000000000000580
Event: 13.962 Thread 0x000001e14a703500 Uncommon trap: reason=bimorphic_or_optimized_type_check action=maybe_recompile pc=0x000001e13acd30e0 method=java.util.regex.Pattern$Start.match(Ljava/util/regex/Matcher;ILjava/lang/CharSequence;)Z @ 44 c2
Event: 13.962 Thread 0x000001e14a703500 DEOPT PACKING pc=0x000001e13acd30e0 sp=0x0000009567bf4e70
Event: 13.962 Thread 0x000001e14a703500 DEOPT UNPACKING pc=0x000001e13a3869a3 sp=0x0000009567bf4e30 mode 2
Event: 13.968 Thread 0x000001e14a703500 Uncommon trap: trap_request=0xffffffc6 fr.pc=0x000001e13acd30e0 relative=0x0000000000000580
Event: 13.968 Thread 0x000001e14a703500 Uncommon trap: reason=bimorphic_or_optimized_type_check action=maybe_recompile pc=0x000001e13acd30e0 method=java.util.regex.Pattern$Start.match(Ljava/util/regex/Matcher;ILjava/lang/CharSequence;)Z @ 44 c2
Event: 13.968 Thread 0x000001e14a703500 DEOPT PACKING pc=0x000001e13acd30e0 sp=0x0000009567bf3b20
Event: 13.968 Thread 0x000001e14a703500 DEOPT UNPACKING pc=0x000001e13a3869a3 sp=0x0000009567bf3ae0 mode 2
Event: 14.047 Thread 0x000001e14a703500 Uncommon trap: trap_request=0xffffff45 fr.pc=0x000001e13ae01cd0 relative=0x0000000000000cb0
Event: 14.047 Thread 0x000001e14a703500 Uncommon trap: reason=unstable_if action=reinterpret pc=0x000001e13ae01cd0 method=java.util.regex.Pattern.escape(ZZZ)I @ 8 c2
Event: 14.047 Thread 0x000001e14a703500 DEOPT PACKING pc=0x000001e13ae01cd0 sp=0x0000009567bf4ed0
Event: 14.047 Thread 0x000001e14a703500 DEOPT UNPACKING pc=0x000001e13a3869a3 sp=0x0000009567bf4e70 mode 2
Event: 14.252 Thread 0x000001e14a703500 Uncommon trap: trap_request=0xffffff45 fr.pc=0x000001e13ae08914 relative=0x00000000000010b4
Event: 14.252 Thread 0x000001e14a703500 Uncommon trap: reason=unstable_if action=reinterpret pc=0x000001e13ae08914 method=java.util.regex.Pattern.atom()Ljava/util/regex/Pattern$Node; @ 14 c2
Event: 14.252 Thread 0x000001e14a703500 DEOPT PACKING pc=0x000001e13ae08914 sp=0x0000009567bf4f90
Event: 14.252 Thread 0x000001e14a703500 DEOPT UNPACKING pc=0x000001e13a3869a3 sp=0x0000009567bf4f58 mode 2

Classes loaded (20 events):
Event: 13.279 Loading class com/sun/jmx/mbeanserver/StandardMBeanSupport
Event: 13.280 Loading class com/sun/jmx/mbeanserver/StandardMBeanSupport done
Event: 13.280 Loading class com/sun/jmx/mbeanserver/StandardMBeanIntrospector
Event: 13.280 Loading class com/sun/jmx/mbeanserver/StandardMBeanIntrospector done
Event: 13.429 Loading class sun/reflect/misc/MethodUtil
Event: 13.430 Loading class sun/reflect/misc/MethodUtil done
Event: 13.430 Loading class sun/reflect/misc/MethodUtil$1
Event: 13.430 Loading class sun/reflect/misc/MethodUtil$1 done
Event: 13.446 Loading class java/nio/channels/Channels$1
Event: 13.446 Loading class java/nio/channels/Channels$1 done
Event: 13.793 Loading class java/lang/Override
Event: 13.793 Loading class java/lang/Override done
Event: 13.942 Loading class java/util/regex/Pattern$Pos
Event: 13.942 Loading class java/util/regex/Pattern$Pos done
Event: 14.158 Loading class java/util/AbstractList$ListItr
Event: 14.158 Loading class java/util/AbstractList$ListItr done
Event: 14.252 Loading class java/util/regex/Pattern$1
Event: 14.252 Loading class java/util/regex/Pattern$1 done
Event: 15.078 Loading class jdk/internal/access/foreign/MemorySegmentProxy
Event: 15.078 Loading class jdk/internal/access/foreign/MemorySegmentProxy done

Classes unloaded (0 events):
No events

Classes redefined (0 events):
No events

Internal exceptions (20 events):
Event: 13.031 Thread 0x000001e14a703500 Exception <a 'java/lang/NoSuchMethodError'{0x00000000866574a0}: static Lorg/jetbrains/kotlin/gradle/plugin/internal/DefaultConfigurationCacheStartParameterAccessorVariantFactory;.<clinit>()V> (0x00000000866574a0) 
thrown [s\src\hotspot\share\prims\jni.cpp, line 1112]
Event: 13.033 Thread 0x000001e14a703500 Exception <a 'java/lang/NoSuchMethodError'{0x000000008667c908}: static Lorg/jetbrains/kotlin/gradle/plugin/internal/MavenPluginConfigurator$DefaultMavenPluginConfiguratorVariantFactory;.<clinit>()V> (0x000000008667c908) 
thrown [s\src\hotspot\share\prims\jni.cpp, line 1112]
Event: 13.035 Thread 0x000001e14a703500 Exception <a 'java/lang/NoSuchMethodError'{0x000000008669ffd0}: static Lorg/jetbrains/kotlin/gradle/targets/js/nodejs/DefaultUnameExecutorVariantFactory;.<clinit>()V> (0x000000008669ffd0) 
thrown [s\src\hotspot\share\prims\jni.cpp, line 1112]
Event: 13.037 Thread 0x000001e14a703500 Exception <a 'java/lang/NoSuchMethodError'{0x00000000866c40f8}: static Lorg/jetbrains/kotlin/gradle/plugin/internal/DefaultBasePluginConfigurationVariantFactory;.<clinit>()V> (0x00000000866c40f8) 
thrown [s\src\hotspot\share\prims\jni.cpp, line 1112]
Event: 13.070 Thread 0x000001e14a703500 Exception <a 'java/lang/IncompatibleClassChangeError'{0x00000000865930d0}: Found class java.lang.Object, but interface was expected> (0x00000000865930d0) 
thrown [s\src\hotspot\share\interpreter\linkResolver.cpp, line 826]
Event: 13.431 Thread 0x000001e14a703500 Implicit null exception at 0x000001e13ab403d9 to 0x000001e13ab40578
Event: 13.431 Thread 0x000001e14a703500 Implicit null exception at 0x000001e13ac55e29 to 0x000001e13ac57ab4
Event: 14.420 Thread 0x000001e14a703500 Exception <a 'java/lang/ClassNotFoundException'{0x000000008666af98}: org/jetbrains/kotlin/gradle/targets/js/npm/DefaultNpmDependencyExtensionBeanInfo> (0x000000008666af98) 
thrown [s\src\hotspot\share\classfile\systemDictionary.cpp, line 256]
Event: 14.421 Thread 0x000001e14a703500 Exception <a 'java/lang/ClassNotFoundException'{0x000000008667f520}: org/jetbrains/kotlin/gradle/targets/js/npm/DefaultNpmDependencyExtensionCustomizer> (0x000000008667f520) 
thrown [s\src\hotspot\share\classfile\systemDictionary.cpp, line 256]
Event: 14.431 Thread 0x000001e14a703500 Exception <a 'java/lang/ClassNotFoundException'{0x0000000086531cd0}: org/jetbrains/kotlin/gradle/targets/js/npm/NpmDependencyExtensionKt$defaultNpmDependencyDelegate$1BeanInfo> (0x0000000086531cd0) 
thrown [s\src\hotspot\share\classfile\systemDictionary.cpp, line 256]
Event: 14.432 Thread 0x000001e14a703500 Exception <a 'java/lang/ClassNotFoundException'{0x0000000086546540}: org/jetbrains/kotlin/gradle/targets/js/npm/NpmDependencyExtensionDelegateBeanInfo> (0x0000000086546540) 
thrown [s\src\hotspot\share\classfile\systemDictionary.cpp, line 256]
Event: 14.432 Thread 0x000001e14a703500 Exception <a 'java/lang/ClassNotFoundException'{0x000000008655adb0}: org/jetbrains/kotlin/gradle/targets/js/npm/NpmDependencyExtensionDelegateCustomizer> (0x000000008655adb0) 
thrown [s\src\hotspot\share\classfile\systemDictionary.cpp, line 256]
Event: 14.434 Thread 0x000001e14a703500 Exception <a 'java/lang/ClassNotFoundException'{0x0000000086596810}: org/jetbrains/kotlin/gradle/targets/js/npm/NpmDependencyExtensionKt$defaultNpmDependencyDelegate$1Customizer> (0x0000000086596810) 
thrown [s\src\hotspot\share\classfile\systemDictionary.cpp, line 256]
Event: 14.439 Thread 0x000001e14a703500 Exception <a 'java/lang/ClassNotFoundException'{0x00000000865e8c50}: org/jetbrains/kotlin/gradle/targets/js/npm/DefaultDevNpmDependencyExtensionBeanInfo> (0x00000000865e8c50) 
thrown [s\src\hotspot\share\classfile\systemDictionary.cpp, line 256]
Event: 14.441 Thread 0x000001e14a703500 Exception <a 'java/lang/ClassNotFoundException'{0x00000000865fd230}: org/jetbrains/kotlin/gradle/targets/js/npm/DefaultDevNpmDependencyExtensionCustomizer> (0x00000000865fd230) 
thrown [s\src\hotspot\share\classfile\systemDictionary.cpp, line 256]
Event: 14.448 Thread 0x000001e14a703500 Exception <a 'java/lang/ClassNotFoundException'{0x00000000864576c0}: org/jetbrains/kotlin/gradle/targets/js/npm/DefaultPeerNpmDependencyExtensionBeanInfo> (0x00000000864576c0) 
thrown [s\src\hotspot\share\classfile\systemDictionary.cpp, line 256]
Event: 14.449 Thread 0x000001e14a703500 Exception <a 'java/lang/ClassNotFoundException'{0x000000008646bca8}: org/jetbrains/kotlin/gradle/targets/js/npm/DefaultPeerNpmDependencyExtensionCustomizer> (0x000000008646bca8) 
thrown [s\src\hotspot\share\classfile\systemDictionary.cpp, line 256]
Event: 14.455 Thread 0x000001e14a703500 Exception <a 'java/lang/ClassNotFoundException'{0x00000000864d3978}: org/jetbrains/kotlin/gradle/targets/js/npm/DefaultPeerNpmDependencyExtension$delegate$1BeanInfo> (0x00000000864d3978) 
thrown [s\src\hotspot\share\classfile\systemDictionary.cpp, line 256]
Event: 14.456 Thread 0x000001e14a703500 Exception <a 'java/lang/ClassNotFoundException'{0x00000000864e83d8}: org/jetbrains/kotlin/gradle/targets/js/npm/DefaultPeerNpmDependencyExtension$delegate$1Customizer> (0x00000000864e83d8) 
thrown [s\src\hotspot\share\classfile\systemDictionary.cpp, line 256]
Event: 14.486 Thread 0x000001e14a703500 Exception <a 'java/lang/NoSuchMethodError'{0x0000000086055678}: static Lorg/jetbrains/kotlin/gradle/plugin/internal/DefaultIdeaSyncDetector$createIdeaPropertiesEvaluator$1;.<clinit>()V> (0x0000000086055678) 
thrown [s\src\hotspot\share\prims\jni.cpp, line 1112]

VM Operations (20 events):
Event: 13.981 Executing VM operation: G1CollectForAllocation
Event: 13.983 Executing VM operation: G1CollectForAllocation done
Event: 14.013 Executing VM operation: G1PauseRemark
Event: 14.017 Executing VM operation: G1PauseRemark done
Event: 14.032 Executing VM operation: G1PauseCleanup
Event: 14.032 Executing VM operation: G1PauseCleanup done
Event: 14.159 Executing VM operation: HandshakeAllThreads
Event: 14.159 Executing VM operation: HandshakeAllThreads done
Event: 14.247 Executing VM operation: G1CollectForAllocation
Event: 14.251 Executing VM operation: G1CollectForAllocation done
Event: 14.309 Executing VM operation: G1CollectForAllocation
Event: 14.312 Executing VM operation: G1CollectForAllocation done
Event: 14.731 Executing VM operation: G1CollectForAllocation
Event: 14.736 Executing VM operation: G1CollectForAllocation done
Event: 14.774 Executing VM operation: G1PauseRemark
Event: 14.779 Executing VM operation: G1PauseRemark done
Event: 14.795 Executing VM operation: G1PauseCleanup
Event: 14.795 Executing VM operation: G1PauseCleanup done
Event: 14.868 Executing VM operation: HandshakeAllThreads
Event: 14.869 Executing VM operation: HandshakeAllThreads done

Memory protections (0 events):
No events

Nmethod flushes (20 events):
Event: 8.982 Thread 0x000001e14a4639d0 flushing  nmethod 0x000001e13369f610
Event: 8.982 Thread 0x000001e14a4639d0 flushing  nmethod 0x000001e1336a0190
Event: 8.982 Thread 0x000001e14a4639d0 flushing  nmethod 0x000001e1336a1090
Event: 8.982 Thread 0x000001e14a4639d0 flushing  nmethod 0x000001e1336a1b10
Event: 8.982 Thread 0x000001e14a4639d0 flushing  nmethod 0x000001e1336a2910
Event: 8.982 Thread 0x000001e14a4639d0 flushing  nmethod 0x000001e1336a6710
Event: 8.982 Thread 0x000001e14a4639d0 flushing  nmethod 0x000001e1336aa110
Event: 8.982 Thread 0x000001e14a4639d0 flushing  nmethod 0x000001e1336aed10
Event: 8.982 Thread 0x000001e14a4639d0 flushing  nmethod 0x000001e1336c2510
Event: 8.983 Thread 0x000001e14a4639d0 flushing  nmethod 0x000001e1336e9b10
Event: 8.983 Thread 0x000001e14a4639d0 flushing  nmethod 0x000001e1336ef410
Event: 8.983 Thread 0x000001e14a4639d0 flushing  nmethod 0x000001e1336f0110
Event: 8.983 Thread 0x000001e14a4639d0 flushing  nmethod 0x000001e1336f0f10
Event: 8.983 Thread 0x000001e14a4639d0 flushing  nmethod 0x000001e1336f1990
Event: 8.983 Thread 0x000001e14a4639d0 flushing  nmethod 0x000001e1336f2790
Event: 8.983 Thread 0x000001e14a4639d0 flushing  nmethod 0x000001e1336f3510
Event: 8.983 Thread 0x000001e14a4639d0 flushing  nmethod 0x000001e1336f6e10
Event: 8.983 Thread 0x000001e14a4639d0 flushing  nmethod 0x000001e133721510
Event: 14.881 Thread 0x000001e14a4639d0 flushing  nmethod 0x000001e1337c8f90
Event: 14.882 Thread 0x000001e14a4639d0 flushing  nmethod 0x000001e133837a90

Events (20 events):
Event: 12.033 Thread 0x000001e14a703500 Thread added: 0x000001e1702c0a40
Event: 12.035 Thread 0x000001e14a703500 Thread added: 0x000001e1702bebe0
Event: 12.036 Thread 0x000001e14a703500 Thread added: 0x000001e1702bd290
Event: 12.038 Thread 0x000001e14a703500 Thread added: 0x000001e1702c37d0
Event: 12.040 Thread 0x000001e14a703500 Thread added: 0x000001e1702c0f50
Event: 12.041 Thread 0x000001e14a703500 Thread added: 0x000001e1702c32c0
Event: 12.043 Thread 0x000001e14a703500 Thread added: 0x000001e1702c3ce0
Event: 12.045 Thread 0x000001e14a703500 Thread added: 0x000001e1702c41f0
Event: 12.048 Thread 0x000001e14a703500 Thread added: 0x000001e1702c1460
Event: 12.049 Thread 0x000001e14a703500 Thread added: 0x000001e1702c28a0
Event: 12.500 Thread 0x000001e14a703500 Thread added: 0x000001e1702c2390
Event: 13.298 Thread 0x000001e14a703500 Thread added: 0x000001e1702c1e80
Event: 13.950 Thread 0x000001e16b2b4880 Thread exited: 0x000001e16b2b4880
Event: 14.072 Thread 0x000001e16efd84b0 Thread exited: 0x000001e16efd84b0
Event: 14.447 Thread 0x000001e14a5811d0 Thread added: 0x000001e16af86720
Event: 14.457 Thread 0x000001e14a57fbf0 Thread added: 0x000001e16e7829a0
Event: 14.795 Thread 0x000001e16aeba8a0 Thread added: 0x000001e16dccf640
Event: 14.823 Thread 0x000001e14a458ca0 Thread added: 0x000001e170eaaf60
Event: 14.823 Thread 0x000001e14a458ca0 Thread added: 0x000001e170d2b490
Event: 15.076 Thread 0x000001e170d2b490 Thread exited: 0x000001e170d2b490


Dynamic libraries:
0x00007ff782130000 - 0x00007ff78213e000 	C:\Program Files\Microsoft\jdk-17.0.17.10-hotspot\bin\java.exe
0x00007ffc47380000 - 0x00007ffc475e7000 	C:\WINDOWS\SYSTEM32\ntdll.dll
0x00007ffc45e20000 - 0x00007ffc45ee9000 	C:\WINDOWS\System32\KERNEL32.DLL
0x00007ffc44d00000 - 0x00007ffc450f7000 	C:\WINDOWS\System32\KERNELBASE.dll
0x00007ffc44b20000 - 0x00007ffc44c6b000 	C:\WINDOWS\System32\ucrtbase.dll
0x00007ffc26cb0000 - 0x00007ffc26cc8000 	C:\Program Files\Microsoft\jdk-17.0.17.10-hotspot\bin\jli.dll
0x00007ffc253c0000 - 0x00007ffc253de000 	C:\Program Files\Microsoft\jdk-17.0.17.10-hotspot\bin\VCRUNTIME140.dll
0x00007ffc469c0000 - 0x00007ffc46b86000 	C:\WINDOWS\System32\USER32.dll
0x00007ffc2ea00000 - 0x00007ffc2ec92000 	C:\WINDOWS\WinSxS\amd64_microsoft.windows.common-controls_6595b64144ccf1df_6.0.26100.8457_none_3e0b2faee331e92d\COMCTL32.dll
0x00007ffc44af0000 - 0x00007ffc44b17000 	C:\WINDOWS\System32\win32u.dll
0x00007ffc45d30000 - 0x00007ffc45dd9000 	C:\WINDOWS\System32\msvcrt.dll
0x00007ffc46990000 - 0x00007ffc469bb000 	C:\WINDOWS\System32\GDI32.dll
0x00007ffc449c0000 - 0x00007ffc44aec000 	C:\WINDOWS\System32\gdi32full.dll
0x00007ffc43db0000 - 0x00007ffc43e53000 	C:\WINDOWS\System32\msvcp_win.dll
0x00007ffc45de0000 - 0x00007ffc45e12000 	C:\WINDOWS\System32\IMM32.DLL
0x00007ffc38a90000 - 0x00007ffc38a9c000 	C:\Program Files\Microsoft\jdk-17.0.17.10-hotspot\bin\vcruntime140_1.dll
0x00007ffc147c0000 - 0x00007ffc14849000 	C:\Program Files\Microsoft\jdk-17.0.17.10-hotspot\bin\msvcp140.dll
0x00007ffb82f10000 - 0x00007ffb83b8a000 	C:\Program Files\Microsoft\jdk-17.0.17.10-hotspot\bin\server\jvm.dll
0x00007ffc45b10000 - 0x00007ffc45bc6000 	C:\WINDOWS\System32\ADVAPI32.dll
0x00007ffc47290000 - 0x00007ffc47337000 	C:\WINDOWS\System32\sechost.dll
0x00007ffc455c0000 - 0x00007ffc456d8000 	C:\WINDOWS\System32\RPCRT4.dll
0x00007ffc45a80000 - 0x00007ffc45b00000 	C:\WINDOWS\System32\WS2_32.dll
0x00007ffc43c30000 - 0x00007ffc43c8e000 	C:\WINDOWS\SYSTEM32\POWRPROF.dll
0x00007ffc3bb60000 - 0x00007ffc3bb6b000 	C:\WINDOWS\SYSTEM32\VERSION.dll
0x00007ffc3bb20000 - 0x00007ffc3bb56000 	C:\WINDOWS\SYSTEM32\WINMM.dll
0x00007ffc43c10000 - 0x00007ffc43c24000 	C:\WINDOWS\SYSTEM32\UMPDC.dll
0x00007ffc42b00000 - 0x00007ffc42b1b000 	C:\WINDOWS\SYSTEM32\kernel.appcore.dll
0x00007ffc34a70000 - 0x00007ffc34a7a000 	C:\Program Files\Microsoft\jdk-17.0.17.10-hotspot\bin\jimage.dll
0x00007ffc41f20000 - 0x00007ffc42162000 	C:\WINDOWS\SYSTEM32\DBGHELP.DLL
0x00007ffc456e0000 - 0x00007ffc45a63000 	C:\WINDOWS\System32\combase.dll
0x00007ffc46ed0000 - 0x00007ffc46fa9000 	C:\WINDOWS\System32\OLEAUT32.dll
0x00007ffc258c0000 - 0x00007ffc258fb000 	C:\WINDOWS\SYSTEM32\dbgcore.DLL
0x00007ffc44850000 - 0x00007ffc448f8000 	C:\WINDOWS\System32\bcryptPrimitives.dll
0x00007ffc38840000 - 0x00007ffc3884f000 	C:\Program Files\Microsoft\jdk-17.0.17.10-hotspot\bin\instrument.dll
0x00007ffc19f70000 - 0x00007ffc19f96000 	C:\Program Files\Microsoft\jdk-17.0.17.10-hotspot\bin\java.dll
0x00007ffbc8800000 - 0x00007ffbc88d6000 	C:\Program Files\Microsoft\jdk-17.0.17.10-hotspot\bin\jsvml.dll
0x00007ffc45ef0000 - 0x00007ffc4665e000 	C:\WINDOWS\System32\SHELL32.dll
0x00007ffc43fe0000 - 0x00007ffc4484c000 	C:\WINDOWS\System32\windows.storage.dll
0x00007ffc46890000 - 0x00007ffc46986000 	C:\WINDOWS\System32\SHCORE.dll
0x00007ffc471c0000 - 0x00007ffc47226000 	C:\WINDOWS\System32\shlwapi.dll
0x00007ffc43cd0000 - 0x00007ffc43cf9000 	C:\WINDOWS\SYSTEM32\profapi.dll
0x00007ffc1dc00000 - 0x00007ffc1dc18000 	C:\Program Files\Microsoft\jdk-17.0.17.10-hotspot\bin\zip.dll
0x00007ffc1e190000 - 0x00007ffc1e1ab000 	C:\Program Files\Microsoft\jdk-17.0.17.10-hotspot\bin\net.dll
0x00007ffc3d490000 - 0x00007ffc3d5b9000 	C:\WINDOWS\SYSTEM32\WINHTTP.dll
0x00007ffc43050000 - 0x00007ffc430bc000 	C:\WINDOWS\system32\mswsock.dll
0x00007ffc1de40000 - 0x00007ffc1de56000 	C:\Program Files\Microsoft\jdk-17.0.17.10-hotspot\bin\nio.dll
0x00007ffc33710000 - 0x00007ffc33720000 	C:\Program Files\Microsoft\jdk-17.0.17.10-hotspot\bin\verify.dll
0x00007ffc388c0000 - 0x00007ffc388e7000 	C:\Users\Grahald\.gradle\native\c067742578af261105cb4f569cf0c3c89f3d7b1fecec35dd04571415982c5e48\windows-amd64\native-platform.dll
0x00007ffbc74a0000 - 0x00007ffbc75e4000 	C:\Users\Grahald\.gradle\native\100fb08df4bc3b14c8652ba06237920a3bd2aa13389f12d3474272988ae205f9\windows-amd64\native-platform-file-events.dll
0x00007ffc29410000 - 0x00007ffc2941a000 	C:\Program Files\Microsoft\jdk-17.0.17.10-hotspot\bin\management.dll
0x00007ffc29230000 - 0x00007ffc2923c000 	C:\Program Files\Microsoft\jdk-17.0.17.10-hotspot\bin\management_ext.dll
0x00007ffc46880000 - 0x00007ffc46888000 	C:\WINDOWS\System32\PSAPI.DLL
0x00007ffc43450000 - 0x00007ffc4346b000 	C:\WINDOWS\SYSTEM32\CRYPTSP.dll
0x00007ffc42a60000 - 0x00007ffc42a99000 	C:\WINDOWS\system32\rsaenh.dll
0x00007ffc43100000 - 0x00007ffc43133000 	C:\WINDOWS\SYSTEM32\USERENV.dll
0x00007ffc43ca0000 - 0x00007ffc43cca000 	C:\WINDOWS\SYSTEM32\bcrypt.dll
0x00007ffc432b0000 - 0x00007ffc432bc000 	C:\WINDOWS\SYSTEM32\CRYPTBASE.dll
0x00007ffc424f0000 - 0x00007ffc42522000 	C:\WINDOWS\SYSTEM32\IPHLPAPI.DLL
0x00007ffc46ec0000 - 0x00007ffc46eca000 	C:\WINDOWS\System32\NSI.dll
0x00007ffc3daa0000 - 0x00007ffc3dabd000 	C:\WINDOWS\SYSTEM32\dhcpcsvc6.DLL
0x00007ffc3d9f0000 - 0x00007ffc3da15000 	C:\WINDOWS\SYSTEM32\dhcpcsvc.DLL
0x00007ffc42530000 - 0x00007ffc42662000 	C:\WINDOWS\SYSTEM32\DNSAPI.dll
0x00007ffc33aa0000 - 0x00007ffc33aa9000 	C:\Program Files\Microsoft\jdk-17.0.17.10-hotspot\bin\extnet.dll
0x00007ffc34900000 - 0x00007ffc3490e000 	C:\Program Files\Microsoft\jdk-17.0.17.10-hotspot\bin\sunmscapi.dll
0x00007ffc43e60000 - 0x00007ffc43fd8000 	C:\WINDOWS\System32\CRYPT32.dll
0x00007ffc435b0000 - 0x00007ffc435e0000 	C:\WINDOWS\SYSTEM32\ncrypt.dll
0x00007ffc43560000 - 0x00007ffc4359f000 	C:\WINDOWS\SYSTEM32\NTASN1.dll
0x00007ffbff3a0000 - 0x00007ffbff3a8000 	C:\WINDOWS\system32\wshunix.dll

dbghelp: loaded successfully - version: 4.0.5 - missing functions: none
symbol engine: initialized successfully - sym options: 0x614 - pdb path: .;C:\Program Files\Microsoft\jdk-17.0.17.10-hotspot\bin;C:\WINDOWS\SYSTEM32;C:\WINDOWS\WinSxS\amd64_microsoft.windows.common-controls_6595b64144ccf1df_6.0.26100.8457_none_3e0b2faee331e92d;C:\Program Files\Microsoft\jdk-17.0.17.10-hotspot\bin\server;C:\Users\Grahald\.gradle\native\c067742578af261105cb4f569cf0c3c89f3d7b1fecec35dd04571415982c5e48\windows-amd64;C:\Users\Grahald\.gradle\native\100fb08df4bc3b14c8652ba06237920a3bd2aa13389f12d3474272988ae205f9\windows-amd64

VM Arguments:
jvm_args: -XX:MaxMetaspaceSize=512m --add-opens=java.base/java.util=ALL-UNNAMED --add-opens=java.base/java.lang=ALL-UNNAMED --add-opens=java.base/java.lang.invoke=ALL-UNNAMED --add-opens=java.prefs/java.util.prefs=ALL-UNNAMED --add-opens=java.base/java.nio.charset=ALL-UNNAMED --add-opens=java.base/java.net=ALL-UNNAMED --add-opens=java.base/java.util.concurrent.atomic=ALL-UNNAMED -Xmx2048m -Dfile.encoding=windows-1252 -Duser.country=US -Duser.language=en -Duser.variant -javaagent:C:\Users\Grahald\.gradle\wrapper\dists\gradle-8.8-all\6gdy1pgp427xkqcjbxw3ylt6h\gradle-8.8\lib\agents\gradle-instrumentation-agent-8.8.jar 
java_command: org.gradle.launcher.daemon.bootstrap.GradleDaemon 8.8
java_class_path (initial): C:\Users\Grahald\.gradle\wrapper\dists\gradle-8.8-all\6gdy1pgp427xkqcjbxw3ylt6h\gradle-8.8\lib\gradle-launcher-8.8.jar
Launcher Type: SUN_STANDARD

[Global flags]
     intx CICompilerCount                          = 12                                        {product} {ergonomic}
   size_t CompressedClassSpaceSize                 = 436207616                                 {product} {ergonomic}
     uint ConcGCThreads                            = 3                                         {product} {ergonomic}
     uint G1ConcRefinementThreads                  = 13                                        {product} {ergonomic}
   size_t G1HeapRegionSize                         = 1048576                                   {product} {ergonomic}
    uintx GCDrainStackTargetSize                   = 64                                        {product} {ergonomic}
   size_t InitialHeapSize                          = 255852544                                 {product} {ergonomic}
   size_t MarkStackSize                            = 4194304                                   {product} {ergonomic}
   size_t MaxHeapSize                              = 2147483648                                {product} {command line}
   size_t MaxMetaspaceSize                         = 536870912                                 {product} {command line}
   size_t MaxNewSize                               = 1287651328                                {product} {ergonomic}
   size_t MinHeapDeltaBytes                        = 1048576                                   {product} {ergonomic}
   size_t MinHeapSize                              = 8388608                                   {product} {ergonomic}
    uintx NonNMethodCodeHeapSize                   = 7602480                                {pd product} {ergonomic}
    uintx NonProfiledCodeHeapSize                  = 122027880                              {pd product} {ergonomic}
    uintx ProfiledCodeHeapSize                     = 122027880                              {pd product} {ergonomic}
    uintx ReservedCodeCacheSize                    = 251658240                              {pd product} {ergonomic}
     bool SegmentedCodeCache                       = true                                      {product} {ergonomic}
   size_t SoftMaxHeapSize                          = 2147483648                             {manageable} {ergonomic}
     bool UseCompressedClassPointers               = true                           {product lp64_product} {ergonomic}
     bool UseCompressedOops                        = true                           {product lp64_product} {ergonomic}
     bool UseG1GC                                  = true                                      {product} {ergonomic}
     bool UseLargePagesIndividualAllocation        = false                                  {pd product} {ergonomic}

Logging:
Log output configuration:
 #0: stdout all=warning uptime,level,tags
 #1: stderr all=off uptime,level,tags

Environment Variables:
JAVA_HOME=C:\Program Files\Microsoft\jdk-17.0.17.10-hotspot\
CLASSPATH=D:\Belajar\tias-mobile\android\\gradle\wrapper\gradle-wrapper.jar
PATH=D:\Belajar\tias-mobile\node_modules\.bin;D:\Belajar\node_modules\.bin;D:\node_modules\.bin;C:\Users\Grahald\AppData\Roaming\npm\node_modules\npm\node_modules\@npmcli\run-script\lib\node-gyp-bin;C:\Program Files\Microsoft\jdk-17.0.17.10-hotspot\bin;C:\Program Files\Java\jdk-XX\bin;C:\WINDOWS\system32;C:\WINDOWS;C:\WINDOWS\System32\Wbem;C:\WINDOWS\System32\WindowsPowerShell\v1.0\;C:\WINDOWS\System32\OpenSSH\;C:\ProgramData\chocolatey\bin;C:\ProgramData\ComposerSetup\bin;C:\Program Files\Git\cmd;C:\Program Files\PostgreSQL\16\bin;C:\laragon\bin\php\php-8.1.10-Win32-vs16-x64;C:\Program Files\Docker\Docker\resources\bin;%NVM_HOME%;%NVM_SYMLINK%;C:\Users\Grahald\AppData\Local\agy\bin;C:\Users\Grahald\.local\bin;C:\laragon\bin;C:\laragon\bin\apache\httpd-2.4.54-win64-VS16\bin;C:\laragon\bin\composer;C:\laragon\bin\git\bin;C:\laragon\bin\git\cmd;C:\laragon\bin\git\mingw64\bin;C:\laragon\bin\git\usr\bin;C:\laragon\bin\laragon\utils;C:\laragon\bin\mysql\mysql-8.0.30-winx64\bin;C:\laragon\bin\nginx\nginx-1.22.0;C:\laragon\bin\ngrok;C:\laragon\bin\nodejs;C:\laragon\bin\notepad++;C:\laragon\bin\php\php-8.2.30-Win32-vs16-x64;C:\laragon\bin\python\python-3.10;C:\laragon\bin\python\python-3.10\Scripts;C:\laragon\bin\redis\redis-x64-5.0.14.1;C:\laragon\bin\telnet;C:\laragon\usr\bin;C:\Users\Grahald\AppData\Local\Yarn\config\global\node_modules\.bin;C:\Users\Grahald\AppData\Roaming\Composer\vendor\bin;C:\Users\Grahald\AppData\Roaming\npm;C:\Users\Grahald\AppData\Local\Microsoft\WindowsApps;C:\Users\Grahald\AppData\Local\Programs\Microsoft VS Code\bin;C:\Users\Grahald\AppData\Local\nvm;C:\nvm4w\nodejs;C:\Users\Grahald\AppData\Local\Android\Sdk\platform-tools;C:\Users\Grahald\AppData\Local\Programs\Kiro\bin;C:\Users\Grahald\AppData\Local\Programs\Antigravity IDE\bin;C:\Users\Grahald\AppData\Local\Google\Cloud SDK\google-cloud-sdk\bin;c:\Users\Grahald\.antigravity-ide\extensions\vscjava.vscode-java-debug-0.59.0-universal\bundled\scripts\noConfigScripts
USERNAME=Grahald
LANG=en_US.UTF-8
OS=Windows_NT
PROCESSOR_IDENTIFIER=AMD64 Family 23 Model 96 Stepping 1, AuthenticAMD
TMP=C:\Users\Grahald\AppData\Local\Temp
TEMP=C:\Users\Grahald\AppData\Local\Temp



Periodic native trim disabled


---------------  S Y S T E M  ---------------

OS:
 Windows 11 , 64 bit Build 26100 (10.0.26100.8328)
OS uptime: 4 days 3:16 hours
Hyper-V role detected

CPU: total 16 (initial active 16) (16 cores per cpu, 2 threads per core) family 23 model 96 stepping 1 microcode 0x860010f, cx8, cmov, fxsr, ht, mmx, 3dnowpref, sse, sse2, sse3, ssse3, sse4a, sse4.1, sse4.2, popcnt, lzcnt, tsc, tscinvbit, avx, avx2, aes, clmul, bmi1, bmi2, adx, sha, fma, vzeroupper, clflush, clflushopt, hv
Processor Information for the first 16 processors :
  Max Mhz: 1700, Current Mhz: 1700, Mhz Limit: 1700

Memory: 4k page, system-wide physical 15591M (1440M free)
TotalPageFile size 29755M (AvailPageFile size 19M)
current process WorkingSet (physical memory assigned to process): 370M, peak: 375M
current process commit charge ("private bytes"): 481M, peak: 492M

vm_info: OpenJDK 64-Bit Server VM (17.0.17+10-LTS) for windows-amd64 JRE (17.0.17+10-LTS), built on Oct 13 2025 22:19:56 by "MicrosoftCorporation" with unknown MS VC++:1944

END.
